17:05:42 | INFO: Data are loaded, start creating Blender stuff
17:05:42 | INFO: Blender create Mesh node geometry_0
17:05:42 | INFO: glTF import finished in 0.02s
17:05:43 | INFO: Data are loaded, start creating Blender stuff
17:05:43 | INFO: Blender create Mesh node geometry_0
17:05:43 | INFO: glTF import finished in 0.02s
17:05:43 | INFO: Data are loaded, start creating Blender stuff
17:05:43 | INFO: Blender create Mesh node geometry_0
17:05:43 | INFO: glTF import finished in 0.02s
17:05:43 | INFO: Data are loaded, start creating Blender stuff
17:05:43 | INFO: Blender create Mesh node geometry_0
17:05:43 | INFO: glTF import finished in 0.02s
17:05:43 | INFO: Data are loaded, start creating Blender stuff
17:05:43 | INFO: Blender create Mesh node geometry_0
17:05:43 | INFO: glTF import finished in 0.02s
17:05:43 | INFO: Data are loaded, start creating Blender stuff
17:05:43 | INFO: Blender create Mesh node geometry_0
17:05:43 | INFO: glTF import finished in 0.07s
17:05:43 | INFO: Data are loaded, start creating Blender stuff
17:05:43 | INFO: Blender create Mesh node geometry_0
17:05:43 | INFO: glTF import finished in 0.08s
17:05:43 | INFO: Data are loaded, start creating Blender stuff
17:05:43 | INFO: Blender create Mesh node geometry_0
17:05:44 | INFO: glTF import finished in 0.15s
17:05:44 | INFO: Data are loaded, start creating Blender stuff
17:05:44 | INFO: Blender create Mesh node geometry_0
17:05:44 | INFO: glTF import finished in 0.32s
17:05:44 | INFO: Data are loaded, start creating Blender stuff
17:05:44 | INFO: Blender create Mesh node geometry_0
17:05:44 | INFO: glTF import finished in 0.02s
17:05:44 | INFO: Data are loaded, start creating Blender stuff
17:05:44 | INFO: Blender create Mesh node geometry_0
17:05:44 | INFO: glTF import finished in 0.02s
17:05:44 | INFO: Data are loaded, start creating Blender stuff
17:05:44 | INFO: Blender create Mesh node geometry_0
17:05:44 | INFO: glTF import finished in 0.02s
17:05:44 | INFO: Data are loaded, start creating Blender stuff
17:05:44 | INFO: Blender create Mesh node geometry_0
17:05:44 | INFO: glTF import finished in 0.02s
17:05:45 | INFO: Data are loaded, start creating Blender stuff
17:05:45 | INFO: Blender create Mesh node geometry_0
17:05:45 | INFO: glTF import finished in 0.02s
17:05:45 | INFO: Data are loaded, start creating Blender stuff
17:05:45 | INFO: Blender create Mesh node geometry_0
17:05:45 | INFO: glTF import finished in 0.02s
17:05:45 | INFO: Data are loaded, start creating Blender stuff
17:05:45 | INFO: Blender create Mesh node geometry_0
17:05:45 | INFO: glTF import finished in 0.02s
17:05:45 | INFO: Data are loaded, start creating Blender stuff
17:05:45 | INFO: Blender create Mesh node geometry_0
17:05:45 | INFO: glTF import finished in 0.02s
17:05:45 | INFO: Data are loaded, start creating Blender stuff
17:05:45 | INFO: Blender create Mesh node geometry_0
17:05:46 | INFO: glTF import finished in 0.35s
libEGL warning: failed to open /dev/dri/renderD135: Permission denied

libEGL warning: failed to open /dev/dri/renderD134: Permission denied

libEGL warning: failed to open /dev/dri/renderD133: Permission denied

libEGL warning: failed to open /dev/dri/renderD132: Permission denied

libEGL warning: failed to open /dev/dri/renderD131: Permission denied

libEGL warning: failed to open /dev/dri/renderD130: Permission denied

libEGL warning: failed to open /dev/dri/renderD129: Permission denied

libEGL warning: failed to open /dev/dri/renderD128: Permission denied

libEGL warning: failed to open /dev/dri/renderD135: Permission denied

libEGL warning: failed to open /dev/dri/renderD134: Permission denied

libEGL warning: failed to open /dev/dri/renderD133: Permission denied

libEGL warning: failed to open /dev/dri/renderD132: Permission denied

libEGL warning: failed to open /dev/dri/renderD131: Permission denied

libEGL warning: failed to open /dev/dri/renderD130: Permission denied

libEGL warning: failed to open /dev/dri/renderD129: Permission denied

libEGL warning: failed to open /dev/dri/renderD128: Permission denied

libEGL warning: failed to open /dev/dri/card8: Permission denied

libEGL warning: failed to open /dev/dri/card7: Permission denied

libEGL warning: failed to open /dev/dri/card6: Permission denied

libEGL warning: failed to open /dev/dri/card5: Permission denied

libEGL warning: failed to open /dev/dri/card4: Permission denied

libEGL warning: failed to open /dev/dri/card3: Permission denied

libEGL warning: failed to open /dev/dri/card2: Permission denied

libEGL warning: failed to open /dev/dri/card1: Permission denied

EGL Error (0x3009): EGL_BAD_MATCH: Arguments are inconsistent (for example, a valid context requires buffers not supplied by a valid surface).
Blender 4.2.0 (hash a51f293548ad built 2024-07-16 06:27:02)
Append frame 1
Time: 00:03.72 (Saving: 00:00.09)

Append frame 2
Time: 00:02.73 (Saving: 00:00.02)

Append frame 3
Time: 00:02.73 (Saving: 00:00.02)

Append frame 4
Time: 00:02.78 (Saving: 00:00.02)

Append frame 5
Time: 00:02.78 (Saving: 00:00.02)

Append frame 6
Time: 00:02.81 (Saving: 00:00.02)

Append frame 7
Time: 00:02.81 (Saving: 00:00.02)

Append frame 8
Time: 00:02.88 (Saving: 00:00.03)

Append frame 9
Time: 00:02.86 (Saving: 00:00.02)

Append frame 10
Time: 00:02.86 (Saving: 00:00.02)

Append frame 11
Time: 00:02.62 (Saving: 00:00.02)

Append frame 12
Time: 00:02.60 (Saving: 00:00.02)

Append frame 13
Time: 00:02.61 (Saving: 00:00.02)

Append frame 14
Time: 00:02.61 (Saving: 00:00.02)

Append frame 15
Time: 00:02.62 (Saving: 00:00.02)

Append frame 16
Time: 00:02.60 (Saving: 00:00.02)

Append frame 17
Time: 00:02.58 (Saving: 00:00.02)

Append frame 18
Time: 00:02.60 (Saving: 00:00.02)

Append frame 19
Time: 00:02.61 (Saving: 00:00.02)

Append frame 20
Time: 00:02.60 (Saving: 00:00.02)

Append frame 21
Time: 00:02.57 (Saving: 00:00.02)

Append frame 22
Time: 00:02.62 (Saving: 00:00.02)

Append frame 23
Time: 00:02.59 (Saving: 00:00.02)

Append frame 24
Time: 00:02.59 (Saving: 00:00.02)

Append frame 25
Time: 00:02.58 (Saving: 00:00.02)

Append frame 26
Time: 00:02.59 (Saving: 00:00.02)

Append frame 27
Time: 00:02.60 (Saving: 00:00.02)

Append frame 28
Time: 00:02.62 (Saving: 00:00.02)

Append frame 29
Time: 00:02.60 (Saving: 00:00.02)

Append frame 30
Time: 00:02.59 (Saving: 00:00.02)

Append frame 31
Time: 00:02.60 (Saving: 00:00.02)

Append frame 32
Time: 00:02.59 (Saving: 00:00.02)

Append frame 33
Time: 00:02.60 (Saving: 00:00.02)

Append frame 34
Time: 00:02.60 (Saving: 00:00.02)

Append frame 35
Time: 00:02.60 (Saving: 00:00.02)

Append frame 36
Time: 00:02.59 (Saving: 00:00.02)

Append frame 37
Time: 00:02.59 (Saving: 00:00.02)

Append frame 38
Time: 00:02.60 (Saving: 00:00.02)

Append frame 39
Time: 00:02.59 (Saving: 00:00.02)

Append frame 40
Time: 00:02.61 (Saving: 00:00.02)

Append frame 41
Time: 00:02.58 (Saving: 00:00.02)

Append frame 42
Time: 00:02.59 (Saving: 00:00.02)

Append frame 43
Time: 00:02.60 (Saving: 00:00.02)

Append frame 44
Time: 00:02.59 (Saving: 00:00.02)

Append frame 45
Time: 00:02.58 (Saving: 00:00.02)

Append frame 46
Time: 00:02.61 (Saving: 00:00.02)

Append frame 47
Time: 00:02.59 (Saving: 00:00.02)

Append frame 48
Time: 00:02.58 (Saving: 00:00.02)

Append frame 49
Time: 00:02.59 (Saving: 00:00.02)

Append frame 50
Time: 00:02.60 (Saving: 00:00.02)

Append frame 51
Time: 00:02.59 (Saving: 00:00.02)

Append frame 52
Time: 00:02.60 (Saving: 00:00.02)

Append frame 53
Time: 00:02.59 (Saving: 00:00.02)

Append frame 54
Time: 00:02.59 (Saving: 00:00.02)

Append frame 55
Time: 00:02.58 (Saving: 00:00.02)

Append frame 56
Time: 00:02.59 (Saving: 00:00.02)

Append frame 57
Time: 00:02.59 (Saving: 00:00.02)

Append frame 58
Time: 00:02.59 (Saving: 00:00.02)

Append frame 59
Time: 00:02.59 (Saving: 00:00.02)

Append frame 60
Time: 00:02.60 (Saving: 00:00.02)

Append frame 61
Time: 00:02.60 (Saving: 00:00.02)

Append frame 62
Time: 00:02.59 (Saving: 00:00.02)

Append frame 63
Time: 00:02.59 (Saving: 00:00.02)

Append frame 64
Time: 00:02.60 (Saving: 00:00.02)

Append frame 65
Time: 00:02.59 (Saving: 00:00.02)

Append frame 66
Time: 00:02.59 (Saving: 00:00.02)

Append frame 67
Time: 00:02.59 (Saving: 00:00.02)

Append frame 68
Time: 00:02.61 (Saving: 00:00.02)

Append frame 69
Time: 00:02.60 (Saving: 00:00.02)

Append frame 70
Time: 00:02.58 (Saving: 00:00.02)

Append frame 71
Time: 00:02.60 (Saving: 00:00.02)

Append frame 72
Time: 00:02.61 (Saving: 00:00.02)

Append frame 73
Time: 00:02.59 (Saving: 00:00.02)

Append frame 74
Time: 00:02.60 (Saving: 00:00.02)

Append frame 75
Time: 00:02.59 (Saving: 00:00.02)

Append frame 76
Time: 00:02.59 (Saving: 00:00.02)

Append frame 77
Time: 00:02.60 (Saving: 00:00.02)

Append frame 78
Time: 00:02.63 (Saving: 00:00.02)

Append frame 79
Time: 00:02.60 (Saving: 00:00.02)

Append frame 80
Time: 00:02.61 (Saving: 00:00.02)

Append frame 81
Time: 00:02.59 (Saving: 00:00.02)

Append frame 82
Time: 00:02.60 (Saving: 00:00.02)

Append frame 83
Time: 00:02.60 (Saving: 00:00.02)

Append frame 84
Time: 00:02.60 (Saving: 00:00.02)

Append frame 85
Time: 00:02.60 (Saving: 00:00.02)

Append frame 86
Time: 00:02.59 (Saving: 00:00.02)

Append frame 87
Time: 00:02.59 (Saving: 00:00.02)

Append frame 88
Time: 00:02.59 (Saving: 00:00.02)

Append frame 89
Time: 00:02.61 (Saving: 00:00.02)

Append frame 90
Time: 00:02.58 (Saving: 00:00.02)

Append frame 91
Time: 00:02.60 (Saving: 00:00.02)

Append frame 92
Time: 00:02.59 (Saving: 00:00.02)

Append frame 93
Time: 00:02.60 (Saving: 00:00.02)

Append frame 94
Time: 00:02.60 (Saving: 00:00.02)

Append frame 95
Time: 00:02.61 (Saving: 00:00.02)

Append frame 96
Time: 00:02.61 (Saving: 00:00.02)

Append frame 97
Time: 00:02.59 (Saving: 00:00.02)

Append frame 98
Time: 00:02.60 (Saving: 00:00.02)

Append frame 99
Time: 00:02.60 (Saving: 00:00.02)

Append frame 100
Time: 00:02.59 (Saving: 00:00.02)

Append frame 101
Time: 00:02.61 (Saving: 00:00.02)

Append frame 102
Time: 00:02.58 (Saving: 00:00.02)

Append frame 103
Time: 00:02.59 (Saving: 00:00.02)

Append frame 104
Time: 00:02.60 (Saving: 00:00.02)

Append frame 105
Time: 00:02.58 (Saving: 00:00.02)

Append frame 106
Time: 00:02.59 (Saving: 00:00.02)

Append frame 107
Time: 00:02.57 (Saving: 00:00.02)

Append frame 108
Time: 00:02.59 (Saving: 00:00.02)

Append frame 109
Time: 00:02.58 (Saving: 00:00.02)

Append frame 110
Time: 00:02.59 (Saving: 00:00.02)

Append frame 111
Time: 00:02.59 (Saving: 00:00.02)

Append frame 112
Time: 00:02.61 (Saving: 00:00.02)

Append frame 113
Time: 00:02.58 (Saving: 00:00.02)

Append frame 114
Time: 00:02.59 (Saving: 00:00.02)

Append frame 115
Time: 00:02.58 (Saving: 00:00.02)

Append frame 116
Time: 00:02.61 (Saving: 00:00.02)

Append frame 117
Time: 00:02.59 (Saving: 00:00.02)

Append frame 118
Time: 00:02.61 (Saving: 00:00.02)

Append frame 119
Time: 00:02.58 (Saving: 00:00.02)

Append frame 120
Time: 00:02.59 (Saving: 00:00.02)

Append frame 121
Time: 00:02.59 (Saving: 00:00.02)

Append frame 122
Time: 00:02.60 (Saving: 00:00.02)

Append frame 123
Time: 00:02.58 (Saving: 00:00.02)

Append frame 124
Time: 00:02.63 (Saving: 00:00.02)

Saved: '/weka/home-kateriw/blender_films/renders/bundles/LOUNGE_WALK01/stills/LOUNGE_WALK01_0001.png'
Time: 00:02.99 (Saving: 00:00.05)

Saved: '/weka/home-kateriw/blender_films/renders/bundles/LOUNGE_WALK01/stills/LOUNGE_WALK01_0124.png'
Time: 00:02.96 (Saving: 00:00.06)

17:11:18 | INFO: Data are loaded, start creating Blender stuff
17:11:18 | INFO: Blender create Mesh node geometry_0
17:11:18 | INFO: glTF import finished in 0.02s
17:11:18 | INFO: Data are loaded, start creating Blender stuff
17:11:18 | INFO: Blender create Mesh node geometry_0
17:11:18 | INFO: glTF import finished in 0.02s
17:11:18 | INFO: Data are loaded, start creating Blender stuff
17:11:18 | INFO: Blender create Mesh node geometry_0
17:11:18 | INFO: glTF import finished in 0.02s
17:11:18 | INFO: Data are loaded, start creating Blender stuff
17:11:18 | INFO: Blender create Mesh node geometry_0
17:11:18 | INFO: glTF import finished in 0.02s
17:11:18 | INFO: Data are loaded, start creating Blender stuff
17:11:18 | INFO: Blender create Mesh node geometry_0
17:11:18 | INFO: glTF import finished in 0.02s
17:11:19 | INFO: Data are loaded, start creating Blender stuff
17:11:19 | INFO: Blender create Mesh node geometry_0
17:11:19 | INFO: glTF import finished in 0.07s
17:11:19 | INFO: Data are loaded, start creating Blender stuff
17:11:19 | INFO: Blender create Mesh node geometry_0
17:11:19 | INFO: glTF import finished in 0.08s
17:11:19 | INFO: Data are loaded, start creating Blender stuff
17:11:19 | INFO: Blender create Mesh node geometry_0
17:11:19 | INFO: glTF import finished in 0.15s
17:11:19 | INFO: Data are loaded, start creating Blender stuff
17:11:19 | INFO: Blender create Mesh node geometry_0
17:11:19 | INFO: glTF import finished in 0.32s
17:11:19 | INFO: Data are loaded, start creating Blender stuff
17:11:19 | INFO: Blender create Mesh node geometry_0
17:11:19 | INFO: glTF import finished in 0.02s
17:11:19 | INFO: Data are loaded, start creating Blender stuff
17:11:19 | INFO: Blender create Mesh node geometry_0
17:11:19 | INFO: glTF import finished in 0.02s
17:11:20 | INFO: Data are loaded, start creating Blender stuff
17:11:20 | INFO: Blender create Mesh node geometry_0
17:11:20 | INFO: glTF import finished in 0.02s
17:11:20 | INFO: Data are loaded, start creating Blender stuff
17:11:20 | INFO: Blender create Mesh node geometry_0
17:11:20 | INFO: glTF import finished in 0.02s
17:11:20 | INFO: Data are loaded, start creating Blender stuff
17:11:20 | INFO: Blender create Mesh node geometry_0
17:11:20 | INFO: glTF import finished in 0.02s
17:11:20 | INFO: Data are loaded, start creating Blender stuff
17:11:20 | INFO: Blender create Mesh node geometry_0
17:11:20 | INFO: glTF import finished in 0.02s
17:11:20 | INFO: Data are loaded, start creating Blender stuff
17:11:20 | INFO: Blender create Mesh node geometry_0
17:11:20 | INFO: glTF import finished in 0.02s
17:11:20 | INFO: Data are loaded, start creating Blender stuff
17:11:20 | INFO: Blender create Mesh node geometry_0
17:11:20 | INFO: glTF import finished in 0.02s
17:11:20 | INFO: Data are loaded, start creating Blender stuff
17:11:20 | INFO: Blender create Mesh node geometry_0
17:11:21 | INFO: glTF import finished in 0.35s
Saved: '/weka/home-kateriw/blender_films/renders/bundles/LOUNGE_WALK01/stills/blocking_diagram.png'
Time: 00:06.54 (Saving: 00:00.05)

[previs] shot        LOUNGE_WALK01
[previs] duration    5.166666666666667s @ 24fps (1-124)
[previs] characters  ['mauryl']  (articulated: ['mauryl'])
[previs] props       []
[previs] camera      ['static']
[previs] bundle      wrote 4 sidecar file(s)
[previs] bundle      reference -> LOUNGE_WALK01_reference.mp4
[previs] bundle      pose_landmarks (1 figure(s))
[previs] bundle      2 still(s) -> stills/
[previs] bundle      blocking_diagram -> stills/
[previs] bundle      manifest -> bundle_manifest.json (10 entries)

Blender quit
[previs] blender     /weka/home-kateriw/3d/blender-4.2.0-linux-x64/blender
[previs] plates      1: 0.00-5.12s @-105deg
[previs] bundle: /weka/home-kateriw/blender_films/renders/bundles/LOUNGE_WALK01
=== EXIT 0 ===
=== plates.json ===
  plate 1 yaw -104.91 parallax 0.08 ok=None
