01:30:56 | INFO: Data are loaded, start creating Blender stuff
01:30:56 | INFO: Blender create Mesh node geometry_0
01:30:56 | INFO: glTF import finished in 0.04s
01:31:14 | INFO: Data are loaded, start creating Blender stuff
01:31:14 | INFO: Blender create Mesh node geometry_0
01:31:14 | INFO: glTF import finished in 0.03s
01:31:15 | INFO: Data are loaded, start creating Blender stuff
01:31:15 | INFO: Blender create Mesh node geometry_0
01:31:16 | INFO: glTF import finished in 0.02s
01:31:17 | INFO: Data are loaded, start creating Blender stuff
01:31:17 | INFO: Blender create Mesh node geometry_0
01:31:17 | INFO: glTF import finished in 0.03s
01:31:19 | INFO: Data are loaded, start creating Blender stuff
01:31:19 | INFO: Blender create Mesh node geometry_0
01:31:19 | INFO: glTF import finished in 0.12s
01:31:21 | INFO: Data are loaded, start creating Blender stuff
01:31:21 | INFO: Blender create Mesh node geometry_0
01:31:22 | INFO: glTF import finished in 0.55s
01:31:22 | INFO: Data are loaded, start creating Blender stuff
01:31:22 | INFO: Blender create Mesh node geometry_0
01:31:22 | INFO: glTF import finished in 0.91s
01:31:22 | INFO: Data are loaded, start creating Blender stuff
01:31:22 | INFO: Blender create Mesh node geometry_0
01:31:25 | INFO: glTF import finished in 2.35s
01:31:25 | INFO: Data are loaded, start creating Blender stuff
01:31:25 | INFO: Blender create Mesh node geometry_0
01:31:31 | INFO: glTF import finished in 6.40s
01:31:31 | INFO: Data are loaded, start creating Blender stuff
01:31:31 | INFO: Blender create Mesh node geometry_0
01:31:31 | INFO: glTF import finished in 0.02s
01:31:33 | INFO: Data are loaded, start creating Blender stuff
01:31:33 | INFO: Blender create Mesh node geometry_0
01:31:33 | INFO: glTF import finished in 0.02s
01:31:34 | INFO: Data are loaded, start creating Blender stuff
01:31:34 | INFO: Blender create Mesh node geometry_0
01:31:34 | INFO: glTF import finished in 0.02s
01:31:36 | INFO: Data are loaded, start creating Blender stuff
01:31:36 | INFO: Blender create Mesh node geometry_0
01:31:36 | INFO: glTF import finished in 0.02s
01:31:40 | INFO: Data are loaded, start creating Blender stuff
01:31:40 | INFO: Blender create Mesh node geometry_0
01:31:40 | INFO: glTF import finished in 0.02s
01:31:41 | INFO: Data are loaded, start creating Blender stuff
01:31:41 | INFO: Blender create Mesh node geometry_0
01:31:41 | INFO: glTF import finished in 0.02s
01:31:42 | INFO: Data are loaded, start creating Blender stuff
01:31:42 | INFO: Blender create Mesh node geometry_0
01:31:42 | INFO: glTF import finished in 0.02s
01:31:43 | INFO: Data are loaded, start creating Blender stuff
01:31:43 | INFO: Blender create Mesh node geometry_0
01:31:43 | INFO: glTF import finished in 0.02s
01:31:44 | INFO: Data are loaded, start creating Blender stuff
01:31:44 | INFO: Blender create Mesh node geometry_0
01:31:48 | INFO: glTF import finished in 4.73s
libEGL warning: failed to open /dev/dri/renderD135: Permission denied

libEGL warning: failed to open /dev/dri/renderD134: Permission denied

libEGL warning: failed to open /dev/dri/renderD133: Permission denied

libEGL warning: failed to open /dev/dri/renderD132: Permission denied

libEGL warning: failed to open /dev/dri/renderD131: Permission denied

libEGL warning: failed to open /dev/dri/renderD130: Permission denied

libEGL warning: failed to open /dev/dri/renderD129: Permission denied

libEGL warning: failed to open /dev/dri/renderD128: Permission denied

libEGL warning: failed to open /dev/dri/renderD135: Permission denied

libEGL warning: failed to open /dev/dri/renderD134: Permission denied

libEGL warning: failed to open /dev/dri/renderD133: Permission denied

libEGL warning: failed to open /dev/dri/renderD132: Permission denied

libEGL warning: failed to open /dev/dri/renderD131: Permission denied

libEGL warning: failed to open /dev/dri/renderD130: Permission denied

libEGL warning: failed to open /dev/dri/renderD129: Permission denied

libEGL warning: failed to open /dev/dri/renderD128: Permission denied

libEGL warning: failed to open /dev/dri/card8: Permission denied

libEGL warning: failed to open /dev/dri/card7: Permission denied

libEGL warning: failed to open /dev/dri/card6: Permission denied

libEGL warning: failed to open /dev/dri/card5: Permission denied

libEGL warning: failed to open /dev/dri/card4: Permission denied

libEGL warning: failed to open /dev/dri/card3: Permission denied

libEGL warning: failed to open /dev/dri/card2: Permission denied

libEGL warning: failed to open /dev/dri/card1: Permission denied

EGL Error (0x3009): EGL_BAD_MATCH: Arguments are inconsistent (for example, a valid context requires buffers not supplied by a valid surface).
Blender 4.2.0 (hash a51f293548ad built 2024-07-16 06:27:02)
Saved: '/weka/home-kateriw/blender_films/renders/panocheck_blockout_yaw0.png'
Time: 00:28.04 (Saving: 00:00.67)

[previs] shot        PANOCHECK_YAW0
[previs] duration    5.166666666666667s @ 24fps (1-124)
[previs] characters  []
[previs] props       []
[previs] camera      ['static']
[previs] scene manifest (23 objects):
  CAMERA                       CAMERA  loc=(0.0, 0.0, 1.13)
  GROUND                       MESH    loc=(0.0, 0.0, 0.0) dims=(14.0, 14.0, 0.02) faces=6
  GROUND_GRID                  MESH    loc=(0.0, 0.0, 0.0) dims=(14.02, 14.02, 0.01) faces=180
  SET_wooden_lounge            MESH    loc=(0.0, 0.0, 0.0) dims=(6.86, 3.81, 1.98) faces=12
  SET_wooden_lounge_mesh0      MESH    loc=(-2.14, -0.14, 0.55) dims=(2.22, 1.75, 0.92) faces=40000
  SET_wooden_lounge_mesh1      MESH    loc=(-1.05, -1.81, 0.46) dims=(1.71, 1.14, 0.82) faces=40000
  SET_wooden_lounge_mesh10     MESH    loc=(-1.64, -2.42, 1.81) dims=(1.01, 0.45, 0.23) faces=40000
  SET_wooden_lounge_mesh11     MESH    loc=(1.6, 1.62, 1.86) dims=(0.33, 0.33, 0.36) faces=40000
  SET_wooden_lounge_mesh12     MESH    loc=(2.64, 0.34, 0.48) dims=(0.39, 0.41, 0.35) faces=40000
  SET_wooden_lounge_mesh13     MESH    loc=(1.36, 0.46, 0.56) dims=(1.96, 0.85, 0.87) faces=40000
  SET_wooden_lounge_mesh14     MESH    loc=(2.17, -0.17, 0.41) dims=(0.38, 0.37, 0.42) faces=40000
  SET_wooden_lounge_mesh15     MESH    loc=(2.28, 2.0, 1.86) dims=(0.27, 0.27, 0.3) faces=40000
  SET_wooden_lounge_mesh16     MESH    loc=(3.32, 2.72, 1.91) dims=(0.35, 0.35, 0.37) faces=40000
  SET_wooden_lounge_mesh17     MESH    loc=(-1.72, 1.84, 0.34) dims=(0.38, 0.61, 0.42) faces=521012
  SET_wooden_lounge_mesh2      MESH    loc=(-2.05, 2.55, 1.44) dims=(0.83, 0.02, 1.17) faces=40000
  SET_wooden_lounge_mesh3      MESH    loc=(1.85, -2.66, 1.4) dims=(0.64, 0.1, 1.23) faces=39999
  SET_wooden_lounge_mesh4      MESH    loc=(0.47, -1.17, 0.39) dims=(0.46, 0.45, 0.51) faces=40000
  SET_wooden_lounge_mesh5      MESH    loc=(1.01, -2.67, 0.79) dims=(0.46, 0.42, 1.38) faces=116054
  SET_wooden_lounge_mesh6      MESH    loc=(-2.38, 1.75, 0.77) dims=(0.57, 0.54, 1.53) faces=131074
  SET_wooden_lounge_mesh7      MESH    loc=(1.1, -0.43, 0.09) dims=(2.41, 2.14, 0.04) faces=237656
  SET_wooden_lounge_mesh8      MESH    loc=(0.68, 0.91, 0.61) dims=(2.72, 1.82, 0.63) faces=505196
  SET_wooden_lounge_mesh9      MESH    loc=(1.46, -0.89, 0.34) dims=(0.34, 0.28, 0.46) faces=40000
[previs] wrote preview frame 1 -> /weka/home-kateriw/blender_films/renders/panocheck_blockout_yaw0.png

Blender quit
[previs] blender     /weka/home-kateriw/3d/blender-4.2.0-linux-x64/blender
[previs] preview frame: /weka/home-kateriw/blender_films/renders/panocheck_blockout_yaw0.png  (369 KB)
=== EXIT 0 ===
