=== bundle (presets + grid + diagram + quality report) ===
libEGL warning: failed to open /dev/dri/renderD135: Permission denied

libEGL warning: failed to open /dev/dri/renderD134: Permission denied

libEGL warning: failed to open /dev/dri/renderD133: Permission denied

libEGL warning: failed to open /dev/dri/renderD132: Permission denied

libEGL warning: failed to open /dev/dri/renderD131: Permission denied

libEGL warning: failed to open /dev/dri/renderD130: Permission denied

libEGL warning: failed to open /dev/dri/renderD129: Permission denied

libEGL warning: failed to open /dev/dri/renderD128: Permission denied

libEGL warning: failed to open /dev/dri/renderD135: Permission denied

libEGL warning: failed to open /dev/dri/renderD134: Permission denied

libEGL warning: failed to open /dev/dri/renderD133: Permission denied

libEGL warning: failed to open /dev/dri/renderD132: Permission denied

libEGL warning: failed to open /dev/dri/renderD131: Permission denied

libEGL warning: failed to open /dev/dri/renderD130: Permission denied

libEGL warning: failed to open /dev/dri/renderD129: Permission denied

libEGL warning: failed to open /dev/dri/renderD128: Permission denied

libEGL warning: failed to open /dev/dri/card8: Permission denied

libEGL warning: failed to open /dev/dri/card7: Permission denied

libEGL warning: failed to open /dev/dri/card6: Permission denied

libEGL warning: failed to open /dev/dri/card5: Permission denied

libEGL warning: failed to open /dev/dri/card4: Permission denied

libEGL warning: failed to open /dev/dri/card3: Permission denied

libEGL warning: failed to open /dev/dri/card2: Permission denied

libEGL warning: failed to open /dev/dri/card1: Permission denied

EGL Error (0x3009): EGL_BAD_MATCH: Arguments are inconsistent (for example, a valid context requires buffers not supplied by a valid surface).
Blender 4.2.0 (hash a51f293548ad built 2024-07-16 06:27:02)
Append frame 1
Time: 00:03.86 (Saving: 00:00.28)

Append frame 2
Time: 00:00.68 (Saving: 00:00.11)

Append frame 3
Time: 00:00.71 (Saving: 00:00.10)

Append frame 4
Time: 00:00.73 (Saving: 00:00.10)

Append frame 5
Time: 00:00.56 (Saving: 00:00.06)

Append frame 6
Time: 00:00.38 (Saving: 00:00.02)

Append frame 7
Time: 00:00.29 (Saving: 00:00.02)

Append frame 8
Time: 00:00.29 (Saving: 00:00.02)

Append frame 9
Time: 00:00.29 (Saving: 00:00.02)

Append frame 10
Time: 00:00.28 (Saving: 00:00.02)

Append frame 11
Time: 00:00.28 (Saving: 00:00.02)

Append frame 12
Time: 00:00.29 (Saving: 00:00.02)

Append frame 13
Time: 00:00.29 (Saving: 00:00.02)

Append frame 14
Time: 00:00.29 (Saving: 00:00.02)

Append frame 15
Time: 00:00.29 (Saving: 00:00.02)

Append frame 16
Time: 00:00.29 (Saving: 00:00.02)

Append frame 17
Time: 00:00.29 (Saving: 00:00.02)

Append frame 18
Time: 00:00.29 (Saving: 00:00.02)

Append frame 19
Time: 00:00.29 (Saving: 00:00.02)

Append frame 20
Time: 00:00.29 (Saving: 00:00.02)

Append frame 21
Time: 00:00.29 (Saving: 00:00.02)

Append frame 22
Time: 00:00.29 (Saving: 00:00.02)

Append frame 23
Time: 00:00.29 (Saving: 00:00.02)

Append frame 24
Time: 00:00.30 (Saving: 00:00.02)

Append frame 25
Time: 00:00.34 (Saving: 00:00.02)

Append frame 26
Time: 00:00.45 (Saving: 00:00.05)

Append frame 27
Time: 00:00.38 (Saving: 00:00.02)

Append frame 28
Time: 00:00.38 (Saving: 00:00.04)

Append frame 29
Time: 00:00.56 (Saving: 00:00.09)

Append frame 30
Time: 00:00.65 (Saving: 00:00.14)

Append frame 31
Time: 00:00.36 (Saving: 00:00.03)

Append frame 32
Time: 00:00.29 (Saving: 00:00.02)

Append frame 33
Time: 00:00.29 (Saving: 00:00.02)

Append frame 34
Time: 00:00.29 (Saving: 00:00.02)

Append frame 35
Time: 00:00.31 (Saving: 00:00.02)

Append frame 36
Time: 00:00.50 (Saving: 00:00.07)

Append frame 37
Time: 00:00.41 (Saving: 00:00.05)

Append frame 38
Time: 00:00.57 (Saving: 00:00.07)

Append frame 39
Time: 00:00.54 (Saving: 00:00.03)

Append frame 40
Time: 00:00.59 (Saving: 00:00.08)

Append frame 41
Time: 00:00.45 (Saving: 00:00.02)

Append frame 42
Time: 00:00.39 (Saving: 00:00.02)

Append frame 43
Time: 00:00.44 (Saving: 00:00.08)

Append frame 44
Time: 00:00.53 (Saving: 00:00.17)

Append frame 45
Time: 00:00.52 (Saving: 00:00.09)

Append frame 46
Time: 00:00.64 (Saving: 00:00.11)

Append frame 47
Time: 00:00.68 (Saving: 00:00.09)

Append frame 48
Time: 00:00.49 (Saving: 00:00.04)

Append frame 49
Time: 00:00.60 (Saving: 00:00.06)

Append frame 50
Time: 00:00.36 (Saving: 00:00.04)

Append frame 51
Time: 00:00.43 (Saving: 00:00.08)

Append frame 52
Time: 00:00.38 (Saving: 00:00.02)

Append frame 53
Time: 00:00.47 (Saving: 00:00.02)

Append frame 54
Time: 00:00.54 (Saving: 00:00.08)

Append frame 55
Time: 00:00.53 (Saving: 00:00.04)

Append frame 56
Time: 00:00.29 (Saving: 00:00.02)

Append frame 57
Time: 00:00.28 (Saving: 00:00.02)

Append frame 58
Time: 00:00.28 (Saving: 00:00.02)

Append frame 59
Time: 00:00.29 (Saving: 00:00.02)

Append frame 60
Time: 00:00.29 (Saving: 00:00.02)

Append frame 61
Time: 00:00.28 (Saving: 00:00.02)

Append frame 62
Time: 00:00.28 (Saving: 00:00.02)

Append frame 63
Time: 00:00.28 (Saving: 00:00.02)

Append frame 64
Time: 00:00.28 (Saving: 00:00.02)

Append frame 65
Time: 00:00.28 (Saving: 00:00.02)

Append frame 66
Time: 00:00.28 (Saving: 00:00.02)

Append frame 67
Time: 00:00.28 (Saving: 00:00.02)

Append frame 68
Time: 00:00.27 (Saving: 00:00.02)

Append frame 69
Time: 00:00.28 (Saving: 00:00.02)

Append frame 70
Time: 00:00.28 (Saving: 00:00.02)

Append frame 71
Time: 00:00.28 (Saving: 00:00.02)

Append frame 72
Time: 00:00.28 (Saving: 00:00.02)

Append frame 73
Time: 00:00.28 (Saving: 00:00.02)

Append frame 74
Time: 00:00.28 (Saving: 00:00.02)

Append frame 75
Time: 00:00.39 (Saving: 00:00.04)

Append frame 76
Time: 00:00.46 (Saving: 00:00.06)

Append frame 77
Time: 00:00.48 (Saving: 00:00.04)

Append frame 78
Time: 00:00.50 (Saving: 00:00.06)

Append frame 79
Time: 00:00.54 (Saving: 00:00.06)

Append frame 80
Time: 00:00.44 (Saving: 00:00.04)

Append frame 81
Time: 00:00.42 (Saving: 00:00.02)

Append frame 82
Time: 00:00.42 (Saving: 00:00.02)

Append frame 83
Time: 00:00.52 (Saving: 00:00.06)

Append frame 84
Time: 00:00.34 (Saving: 00:00.02)

Append frame 85
Time: 00:00.28 (Saving: 00:00.02)

Append frame 86
Time: 00:00.27 (Saving: 00:00.02)

Append frame 87
Time: 00:00.28 (Saving: 00:00.02)

Append frame 88
Time: 00:00.27 (Saving: 00:00.02)

Append frame 89
Time: 00:00.27 (Saving: 00:00.02)

Append frame 90
Time: 00:00.27 (Saving: 00:00.02)

Append frame 91
Time: 00:00.27 (Saving: 00:00.02)

Append frame 92
Time: 00:00.28 (Saving: 00:00.02)

Append frame 93
Time: 00:00.28 (Saving: 00:00.02)

Append frame 94
Time: 00:00.28 (Saving: 00:00.02)

Append frame 95
Time: 00:00.27 (Saving: 00:00.02)

Append frame 96
Time: 00:00.27 (Saving: 00:00.02)

Append frame 97
Time: 00:00.28 (Saving: 00:00.02)

Append frame 98
Time: 00:00.30 (Saving: 00:00.04)

Append frame 99
Time: 00:00.28 (Saving: 00:00.02)

Append frame 100
Time: 00:00.27 (Saving: 00:00.02)

Append frame 101
Time: 00:00.32 (Saving: 00:00.03)

Append frame 102
Time: 00:00.40 (Saving: 00:00.02)

Append frame 103
Time: 00:00.39 (Saving: 00:00.03)

Append frame 104
Time: 00:00.45 (Saving: 00:00.04)

Append frame 105
Time: 00:00.59 (Saving: 00:00.13)

Append frame 106
Time: 00:00.50 (Saving: 00:00.09)

Append frame 107
Time: 00:00.30 (Saving: 00:00.02)

Append frame 108
Time: 00:00.55 (Saving: 00:00.07)

Append frame 109
Time: 00:00.39 (Saving: 00:00.07)

Append frame 110
Time: 00:00.34 (Saving: 00:00.02)

Append frame 111
Time: 00:00.28 (Saving: 00:00.02)

Append frame 112
Time: 00:00.28 (Saving: 00:00.02)

Append frame 113
Time: 00:00.32 (Saving: 00:00.02)

Append frame 114
Time: 00:00.28 (Saving: 00:00.02)

Append frame 115
Time: 00:00.42 (Saving: 00:00.02)

Append frame 116
Time: 00:00.45 (Saving: 00:00.06)

Append frame 117
Time: 00:00.49 (Saving: 00:00.02)

Append frame 118
Time: 00:00.34 (Saving: 00:00.04)

Append frame 119
Time: 00:00.50 (Saving: 00:00.07)

Append frame 120
Time: 00:00.52 (Saving: 00:00.07)

Append frame 121
Time: 00:00.41 (Saving: 00:00.04)

Append frame 122
Time: 00:00.28 (Saving: 00:00.02)

Append frame 123
Time: 00:00.28 (Saving: 00:00.02)

Append frame 124
Time: 00:00.28 (Saving: 00:00.02)

Saved: '/weka/home-kateriw/blender_films/renders/bundles/TEST_PRESET01/stills/TEST_PRESET01_0001.png'
Time: 00:03.48 (Saving: 00:00.27)

Saved: '/weka/home-kateriw/blender_films/renders/bundles/TEST_PRESET01/stills/TEST_PRESET01_0124.png'
Time: 00:04.48 (Saving: 00:00.06)

Fra:1 Mem:30.13M (Peak 70.30M) | Time:00:27.11 | Compositing
Fra:1 Mem:30.14M (Peak 70.30M) | Time:00:27.15 | Compositing | Initializing execution
Fra:1 Mem:30.15M (Peak 70.30M) | Time:00:27.18 | Compositing | Operation 2-9
Fra:1 Mem:30.15M (Peak 70.30M) | Time:00:27.18 | Compositing | Operation 3-9
Fra:1 Mem:30.15M (Peak 70.30M) | Time:00:27.18 | Compositing | Operation 4-9
Fra:1 Mem:30.15M (Peak 70.30M) | Time:00:27.18 | Compositing | Operation 5-9
Fra:1 Mem:32.20M (Peak 70.30M) | Time:00:27.18 | Compositing | Operation 6-9
Fra:1 Mem:32.20M (Peak 70.30M) | Time:00:27.19 | Compositing | Operation 7-9
Fra:1 Mem:32.20M (Peak 70.30M) | Time:00:27.19 | Compositing | Operation 8-9
Fra:1 Mem:38.18M (Peak 70.30M) | Time:00:27.19 | Compositing | Operation 9-9
Fra:1 Mem:38.18M (Peak 70.30M) | Time:00:27.19 | Compositing | Operation 10-9
Append frame 1
Time: 00:27.22 (Saving: 00:00.02)

Fra:2 Mem:30.14M (Peak 70.31M) | Time:00:21.77 | Compositing
Fra:2 Mem:30.14M (Peak 70.31M) | Time:00:21.81 | Compositing | Initializing execution
Fra:2 Mem:30.15M (Peak 70.31M) | Time:00:21.84 | Compositing | Operation 2-9
Fra:2 Mem:30.15M (Peak 70.31M) | Time:00:21.84 | Compositing | Operation 3-9
Fra:2 Mem:30.15M (Peak 70.31M) | Time:00:21.84 | Compositing | Operation 4-9
Fra:2 Mem:30.15M (Peak 70.31M) | Time:00:21.84 | Compositing | Operation 5-9
Fra:2 Mem:32.20M (Peak 70.31M) | Time:00:21.84 | Compositing | Operation 6-9
Fra:2 Mem:32.20M (Peak 70.31M) | Time:00:21.84 | Compositing | Operation 7-9
Fra:2 Mem:32.20M (Peak 70.31M) | Time:00:21.84 | Compositing | Operation 8-9
Fra:2 Mem:38.18M (Peak 70.31M) | Time:00:21.84 | Compositing | Operation 9-9
Fra:2 Mem:38.18M (Peak 70.31M) | Time:00:21.84 | Compositing | Operation 10-9
Append frame 2
Time: 00:21.87 (Saving: 00:00.02)

Fra:3 Mem:30.14M (Peak 70.31M) | Time:00:27.48 | Compositing
Fra:3 Mem:30.14M (Peak 70.31M) | Time:00:27.52 | Compositing | Initializing execution
Fra:3 Mem:30.15M (Peak 70.31M) | Time:00:27.55 | Compositing | Operation 2-9
Fra:3 Mem:30.15M (Peak 70.31M) | Time:00:27.55 | Compositing | Operation 3-9
Fra:3 Mem:30.15M (Peak 70.31M) | Time:00:27.55 | Compositing | Operation 4-9
Fra:3 Mem:30.15M (Peak 70.31M) | Time:00:27.55 | Compositing | Operation 5-9
Fra:3 Mem:32.20M (Peak 70.31M) | Time:00:27.55 | Compositing | Operation 6-9
Fra:3 Mem:32.20M (Peak 70.31M) | Time:00:27.55 | Compositing | Operation 7-9
Fra:3 Mem:32.20M (Peak 70.31M) | Time:00:27.55 | Compositing | Operation 8-9
Fra:3 Mem:38.18M (Peak 70.31M) | Time:00:27.56 | Compositing | Operation 9-9
Fra:3 Mem:38.18M (Peak 70.31M) | Time:00:27.56 | Compositing | Operation 10-9
Append frame 3
Time: 00:27.59 (Saving: 00:00.02)

Fra:4 Mem:30.14M (Peak 70.31M) | Time:00:19.45 | Compositing
Fra:4 Mem:30.14M (Peak 70.31M) | Time:00:19.49 | Compositing | Initializing execution
Fra:4 Mem:30.15M (Peak 70.31M) | Time:00:19.52 | Compositing | Operation 2-9
Fra:4 Mem:30.15M (Peak 70.31M) | Time:00:19.52 | Compositing | Operation 3-9
Fra:4 Mem:30.15M (Peak 70.31M) | Time:00:19.53 | Compositing | Operation 4-9
Fra:4 Mem:30.15M (Peak 70.31M) | Time:00:19.53 | Compositing | Operation 5-9
Fra:4 Mem:32.20M (Peak 70.31M) | Time:00:19.53 | Compositing | Operation 6-9
Fra:4 Mem:32.20M (Peak 70.31M) | Time:00:19.53 | Compositing | Operation 7-9
Fra:4 Mem:32.20M (Peak 70.31M) | Time:00:19.53 | Compositing | Operation 8-9
Fra:4 Mem:38.18M (Peak 70.31M) | Time:00:19.57 | Compositing | Operation 9-9
Fra:4 Mem:38.18M (Peak 70.31M) | Time:00:19.64 | Compositing | Operation 10-9
Append frame 4
Time: 00:19.69 (Saving: 00:00.02)

Fra:5 Mem:30.14M (Peak 70.31M) | Time:00:19.22 | Compositing
Fra:5 Mem:30.14M (Peak 70.31M) | Time:00:19.25 | Compositing | Initializing execution
Fra:5 Mem:30.15M (Peak 70.31M) | Time:00:19.28 | Compositing | Operation 2-9
Fra:5 Mem:30.15M (Peak 70.31M) | Time:00:19.29 | Compositing | Operation 3-9
Fra:5 Mem:30.15M (Peak 70.31M) | Time:00:19.29 | Compositing | Operation 4-9
Fra:5 Mem:30.15M (Peak 70.31M) | Time:00:19.29 | Compositing | Operation 5-9
Fra:5 Mem:32.20M (Peak 70.31M) | Time:00:19.29 | Compositing | Operation 6-9
Fra:5 Mem:32.20M (Peak 70.31M) | Time:00:19.29 | Compositing | Operation 7-9
Fra:5 Mem:32.20M (Peak 70.31M) | Time:00:19.29 | Compositing | Operation 8-9
Fra:5 Mem:38.18M (Peak 70.31M) | Time:00:19.29 | Compositing | Operation 9-9
Fra:5 Mem:38.18M (Peak 70.31M) | Time:00:19.30 | Compositing | Operation 10-9
Append frame 5
Time: 00:19.33 (Saving: 00:00.02)

Fra:6 Mem:30.14M (Peak 70.31M) | Time:00:21.62 | Compositing
Fra:6 Mem:30.14M (Peak 70.31M) | Time:00:21.67 | Compositing | Initializing execution
Fra:6 Mem:30.15M (Peak 70.31M) | Time:00:21.71 | Compositing | Operation 2-9
Fra:6 Mem:30.15M (Peak 70.31M) | Time:00:21.71 | Compositing | Operation 3-9
Fra:6 Mem:30.15M (Peak 70.31M) | Time:00:21.71 | Compositing | Operation 4-9
Fra:6 Mem:30.15M (Peak 70.31M) | Time:00:21.71 | Compositing | Operation 5-9
Fra:6 Mem:32.20M (Peak 70.31M) | Time:00:21.71 | Compositing | Operation 6-9
Fra:6 Mem:32.20M (Peak 70.31M) | Time:00:21.71 | Compositing | Operation 7-9
Fra:6 Mem:32.20M (Peak 70.31M) | Time:00:21.71 | Compositing | Operation 8-9
Fra:6 Mem:38.18M (Peak 70.31M) | Time:00:21.90 | Compositing | Operation 9-9
Fra:6 Mem:38.18M (Peak 70.31M) | Time:00:21.95 | Compositing | Operation 10-9
Append frame 6
Time: 00:22.05 (Saving: 00:00.09)

Fra:7 Mem:30.14M (Peak 70.31M) | Time:00:20.92 | Compositing
Fra:7 Mem:30.14M (Peak 70.31M) | Time:00:20.95 | Compositing | Initializing execution
Fra:7 Mem:30.15M (Peak 70.31M) | Time:00:20.98 | Compositing | Operation 2-9
Fra:7 Mem:30.15M (Peak 70.31M) | Time:00:20.98 | Compositing | Operation 3-9
Fra:7 Mem:30.15M (Peak 70.31M) | Time:00:20.98 | Compositing | Operation 4-9
Fra:7 Mem:30.15M (Peak 70.31M) | Time:00:20.98 | Compositing | Operation 5-9
Fra:7 Mem:32.20M (Peak 70.31M) | Time:00:20.98 | Compositing | Operation 6-9
Fra:7 Mem:32.20M (Peak 70.31M) | Time:00:20.98 | Compositing | Operation 7-9
Fra:7 Mem:32.20M (Peak 70.31M) | Time:00:20.98 | Compositing | Operation 8-9
Fra:7 Mem:38.18M (Peak 70.31M) | Time:00:20.99 | Compositing | Operation 9-9
Fra:7 Mem:38.18M (Peak 70.31M) | Time:00:20.99 | Compositing | Operation 10-9
Append frame 7
Time: 00:21.02 (Saving: 00:00.02)

Fra:8 Mem:30.14M (Peak 70.31M) | Time:00:18.03 | Compositing
Fra:8 Mem:30.14M (Peak 70.31M) | Time:00:18.06 | Compositing | Initializing execution
Fra:8 Mem:30.15M (Peak 70.31M) | Time:00:18.09 | Compositing | Operation 2-9
Fra:8 Mem:30.15M (Peak 70.31M) | Time:00:18.09 | Compositing | Operation 3-9
Fra:8 Mem:30.15M (Peak 70.31M) | Time:00:18.09 | Compositing | Operation 4-9
Fra:8 Mem:30.15M (Peak 70.31M) | Time:00:18.09 | Compositing | Operation 5-9
Fra:8 Mem:32.20M (Peak 70.31M) | Time:00:18.09 | Compositing | Operation 6-9
Fra:8 Mem:32.20M (Peak 70.31M) | Time:00:18.09 | Compositing | Operation 7-9
Fra:8 Mem:32.20M (Peak 70.31M) | Time:00:18.09 | Compositing | Operation 8-9
Fra:8 Mem:38.18M (Peak 70.31M) | Time:00:18.11 | Compositing | Operation 9-9
Fra:8 Mem:38.18M (Peak 70.31M) | Time:00:18.11 | Compositing | Operation 10-9
Append frame 8
Time: 00:18.14 (Saving: 00:00.02)

Fra:9 Mem:30.14M (Peak 70.31M) | Time:00:22.23 | Compositing
Fra:9 Mem:30.14M (Peak 70.31M) | Time:00:22.27 | Compositing | Initializing execution
Fra:9 Mem:30.15M (Peak 70.31M) | Time:00:22.30 | Compositing | Operation 2-9
Fra:9 Mem:30.15M (Peak 70.31M) | Time:00:22.30 | Compositing | Operation 3-9
Fra:9 Mem:30.15M (Peak 70.31M) | Time:00:22.30 | Compositing | Operation 4-9
Fra:9 Mem:30.15M (Peak 70.31M) | Time:00:22.30 | Compositing | Operation 5-9
Fra:9 Mem:32.20M (Peak 70.31M) | Time:00:22.30 | Compositing | Operation 6-9
Fra:9 Mem:32.20M (Peak 70.31M) | Time:00:22.30 | Compositing | Operation 7-9
Fra:9 Mem:32.20M (Peak 70.31M) | Time:00:22.30 | Compositing | Operation 8-9
Fra:9 Mem:38.18M (Peak 70.31M) | Time:00:22.52 | Compositing | Operation 9-9
Fra:9 Mem:38.18M (Peak 70.31M) | Time:00:22.59 | Compositing | Operation 10-9
Append frame 9
Time: 00:22.62 (Saving: 00:00.02)

Fra:10 Mem:30.14M (Peak 70.31M) | Time:00:22.33 | Compositing
Fra:10 Mem:30.14M (Peak 70.31M) | Time:00:22.38 | Compositing | Initializing execution
Fra:10 Mem:30.15M (Peak 70.31M) | Time:00:22.41 | Compositing | Operation 2-9
Fra:10 Mem:30.15M (Peak 70.31M) | Time:00:22.41 | Compositing | Operation 3-9
Fra:10 Mem:30.15M (Peak 70.31M) | Time:00:22.42 | Compositing | Operation 4-9
Fra:10 Mem:30.15M (Peak 70.31M) | Time:00:22.42 | Compositing | Operation 5-9
Fra:10 Mem:32.20M (Peak 70.31M) | Time:00:22.42 | Compositing | Operation 6-9
Fra:10 Mem:32.20M (Peak 70.31M) | Time:00:22.42 | Compositing | Operation 7-9
Fra:10 Mem:32.20M (Peak 70.31M) | Time:00:22.42 | Compositing | Operation 8-9
Fra:10 Mem:38.18M (Peak 70.31M) | Time:00:22.75 | Compositing | Operation 9-9
Fra:10 Mem:38.18M (Peak 70.31M) | Time:00:22.81 | Compositing | Operation 10-9
Append frame 10
Time: 00:22.91 (Saving: 00:00.09)

Fra:11 Mem:30.14M (Peak 70.31M) | Time:00:23.99 | Compositing
Fra:11 Mem:30.14M (Peak 70.31M) | Time:00:24.02 | Compositing | Initializing execution
Fra:11 Mem:30.15M (Peak 70.31M) | Time:00:24.05 | Compositing | Operation 2-9
Fra:11 Mem:30.15M (Peak 70.31M) | Time:00:24.05 | Compositing | Operation 3-9
Fra:11 Mem:30.15M (Peak 70.31M) | Time:00:24.05 | Compositing | Operation 4-9
Fra:11 Mem:30.15M (Peak 70.31M) | Time:00:24.05 | Compositing | Operation 5-9
Fra:11 Mem:32.20M (Peak 70.31M) | Time:00:24.05 | Compositing | Operation 6-9
Fra:11 Mem:32.20M (Peak 70.31M) | Time:00:24.05 | Compositing | Operation 7-9
Fra:11 Mem:32.20M (Peak 70.31M) | Time:00:24.05 | Compositing | Operation 8-9
Fra:11 Mem:38.18M (Peak 70.31M) | Time:00:24.06 | Compositing | Operation 9-9
Fra:11 Mem:38.18M (Peak 70.31M) | Time:00:24.06 | Compositing | Operation 10-9
Append frame 11
Time: 00:24.09 (Saving: 00:00.02)

Fra:12 Mem:30.14M (Peak 70.31M) | Time:00:18.35 | Compositing
Fra:12 Mem:30.14M (Peak 70.31M) | Time:00:18.38 | Compositing | Initializing execution
Fra:12 Mem:30.15M (Peak 70.31M) | Time:00:18.41 | Compositing | Operation 2-9
Fra:12 Mem:30.15M (Peak 70.31M) | Time:00:18.41 | Compositing | Operation 3-9
Fra:12 Mem:30.15M (Peak 70.31M) | Time:00:18.41 | Compositing | Operation 4-9
Fra:12 Mem:30.15M (Peak 70.31M) | Time:00:18.41 | Compositing | Operation 5-9
Fra:12 Mem:32.20M (Peak 70.31M) | Time:00:18.41 | Compositing | Operation 6-9
Fra:12 Mem:32.20M (Peak 70.31M) | Time:00:18.41 | Compositing | Operation 7-9
Fra:12 Mem:32.20M (Peak 70.31M) | Time:00:18.41 | Compositing | Operation 8-9
Fra:12 Mem:38.18M (Peak 70.31M) | Time:00:18.42 | Compositing | Operation 9-9
Fra:12 Mem:38.18M (Peak 70.31M) | Time:00:18.42 | Compositing | Operation 10-9
Append frame 12
Time: 00:18.45 (Saving: 00:00.02)

Fra:13 Mem:30.14M (Peak 70.31M) | Time:00:17.47 | Compositing
Fra:13 Mem:30.14M (Peak 70.31M) | Time:00:17.50 | Compositing | Initializing execution
Fra:13 Mem:30.15M (Peak 70.31M) | Time:00:17.53 | Compositing | Operation 2-9
Fra:13 Mem:30.15M (Peak 70.31M) | Time:00:17.53 | Compositing | Operation 3-9
Fra:13 Mem:30.15M (Peak 70.31M) | Time:00:17.53 | Compositing | Operation 4-9
Fra:13 Mem:30.15M (Peak 70.31M) | Time:00:17.53 | Compositing | Operation 5-9
Fra:13 Mem:32.20M (Peak 70.31M) | Time:00:17.53 | Compositing | Operation 6-9
Fra:13 Mem:32.20M (Peak 70.31M) | Time:00:17.54 | Compositing | Operation 7-9
Fra:13 Mem:32.20M (Peak 70.31M) | Time:00:17.54 | Compositing | Operation 8-9
Fra:13 Mem:38.18M (Peak 70.31M) | Time:00:17.54 | Compositing | Operation 9-9
Fra:13 Mem:38.18M (Peak 70.31M) | Time:00:17.54 | Compositing | Operation 10-9
Append frame 13
Time: 00:17.57 (Saving: 00:00.02)

Fra:14 Mem:30.14M (Peak 70.31M) | Time:00:17.54 | Compositing
Fra:14 Mem:30.14M (Peak 70.31M) | Time:00:17.57 | Compositing | Initializing execution
Fra:14 Mem:30.15M (Peak 70.31M) | Time:00:17.60 | Compositing | Operation 2-9
Fra:14 Mem:30.15M (Peak 70.31M) | Time:00:17.60 | Compositing | Operation 3-9
Fra:14 Mem:30.15M (Peak 70.31M) | Time:00:17.60 | Compositing | Operation 4-9
Fra:14 Mem:30.15M (Peak 70.31M) | Time:00:17.60 | Compositing | Operation 5-9
Fra:14 Mem:32.20M (Peak 70.31M) | Time:00:17.60 | Compositing | Operation 6-9
Fra:14 Mem:32.20M (Peak 70.31M) | Time:00:17.60 | Compositing | Operation 7-9
Fra:14 Mem:32.20M (Peak 70.31M) | Time:00:17.60 | Compositing | Operation 8-9
Fra:14 Mem:38.18M (Peak 70.31M) | Time:00:17.60 | Compositing | Operation 9-9
Fra:14 Mem:38.18M (Peak 70.31M) | Time:00:17.61 | Compositing | Operation 10-9
Append frame 14
Time: 00:17.63 (Saving: 00:00.02)

Fra:15 Mem:30.14M (Peak 70.31M) | Time:00:17.57 | Compositing
Fra:15 Mem:30.14M (Peak 70.31M) | Time:00:17.61 | Compositing | Initializing execution
Fra:15 Mem:30.15M (Peak 70.31M) | Time:00:17.64 | Compositing | Operation 2-9
Fra:15 Mem:30.15M (Peak 70.31M) | Time:00:17.64 | Compositing | Operation 3-9
Fra:15 Mem:30.15M (Peak 70.31M) | Time:00:17.64 | Compositing | Operation 4-9
Fra:15 Mem:30.15M (Peak 70.31M) | Time:00:17.64 | Compositing | Operation 5-9
Fra:15 Mem:32.20M (Peak 70.31M) | Time:00:17.64 | Compositing | Operation 6-9
Fra:15 Mem:32.20M (Peak 70.31M) | Time:00:17.65 | Compositing | Operation 7-9
Fra:15 Mem:32.20M (Peak 70.31M) | Time:00:17.65 | Compositing | Operation 8-9
Fra:15 Mem:38.18M (Peak 70.31M) | Time:00:17.73 | Compositing | Operation 9-9
Fra:15 Mem:38.18M (Peak 70.31M) | Time:00:17.89 | Compositing | Operation 10-9
Append frame 15
Time: 00:17.98 (Saving: 00:00.07)

Fra:16 Mem:30.14M (Peak 70.31M) | Time:00:20.40 | Compositing
Fra:16 Mem:30.14M (Peak 70.31M) | Time:00:20.43 | Compositing | Initializing execution
Fra:16 Mem:30.15M (Peak 70.31M) | Time:00:20.46 | Compositing | Operation 2-9
Fra:16 Mem:30.15M (Peak 70.31M) | Time:00:20.46 | Compositing | Operation 3-9
Fra:16 Mem:30.15M (Peak 70.31M) | Time:00:20.46 | Compositing | Operation 4-9
Fra:16 Mem:30.15M (Peak 70.31M) | Time:00:20.46 | Compositing | Operation 5-9
Fra:16 Mem:32.20M (Peak 70.31M) | Time:00:20.46 | Compositing | Operation 6-9
Fra:16 Mem:32.20M (Peak 70.31M) | Time:00:20.46 | Compositing | Operation 7-9
Fra:16 Mem:32.20M (Peak 70.31M) | Time:00:20.46 | Compositing | Operation 8-9
Fra:16 Mem:38.18M (Peak 70.31M) | Time:00:20.47 | Compositing | Operation 9-9
Fra:16 Mem:38.18M (Peak 70.31M) | Time:00:20.47 | Compositing | Operation 10-9
Append frame 16
Time: 00:20.50 (Saving: 00:00.02)

Fra:17 Mem:30.14M (Peak 70.31M) | Time:00:17.78 | Compositing
Fra:17 Mem:30.14M (Peak 70.31M) | Time:00:17.81 | Compositing | Initializing execution
Fra:17 Mem:30.15M (Peak 70.31M) | Time:00:17.84 | Compositing | Operation 2-9
Fra:17 Mem:30.15M (Peak 70.31M) | Time:00:17.84 | Compositing | Operation 3-9
Fra:17 Mem:30.15M (Peak 70.31M) | Time:00:17.84 | Compositing | Operation 4-9
Fra:17 Mem:30.15M (Peak 70.31M) | Time:00:17.84 | Compositing | Operation 5-9
Fra:17 Mem:32.20M (Peak 70.31M) | Time:00:17.84 | Compositing | Operation 6-9
Fra:17 Mem:32.20M (Peak 70.31M) | Time:00:17.85 | Compositing | Operation 7-9
Fra:17 Mem:32.20M (Peak 70.31M) | Time:00:17.85 | Compositing | Operation 8-9
Fra:17 Mem:38.18M (Peak 70.31M) | Time:00:17.85 | Compositing | Operation 9-9
Fra:17 Mem:38.18M (Peak 70.31M) | Time:00:17.85 | Compositing | Operation 10-9
Append frame 17
Time: 00:17.88 (Saving: 00:00.02)

Fra:18 Mem:30.14M (Peak 70.31M) | Time:00:26.00 | Compositing
Fra:18 Mem:30.14M (Peak 70.31M) | Time:00:26.04 | Compositing | Initializing execution
Fra:18 Mem:30.15M (Peak 70.31M) | Time:00:26.07 | Compositing | Operation 2-9
Fra:18 Mem:30.15M (Peak 70.31M) | Time:00:26.07 | Compositing | Operation 3-9
Fra:18 Mem:30.15M (Peak 70.31M) | Time:00:26.07 | Compositing | Operation 4-9
Fra:18 Mem:30.15M (Peak 70.31M) | Time:00:26.07 | Compositing | Operation 5-9
Fra:18 Mem:32.20M (Peak 70.31M) | Time:00:26.07 | Compositing | Operation 6-9
Fra:18 Mem:32.20M (Peak 70.31M) | Time:00:26.07 | Compositing | Operation 7-9
Fra:18 Mem:32.20M (Peak 70.31M) | Time:00:26.07 | Compositing | Operation 8-9
Fra:18 Mem:38.18M (Peak 70.31M) | Time:00:26.19 | Compositing | Operation 9-9
Fra:18 Mem:38.18M (Peak 70.31M) | Time:00:26.44 | Compositing | Operation 10-9
Append frame 18
Time: 00:26.50 (Saving: 00:00.05)

Fra:19 Mem:30.14M (Peak 70.31M) | Time:00:21.46 | Compositing
Fra:19 Mem:30.14M (Peak 70.31M) | Time:00:21.49 | Compositing | Initializing execution
Fra:19 Mem:30.15M (Peak 70.31M) | Time:00:21.52 | Compositing | Operation 2-9
Fra:19 Mem:30.15M (Peak 70.31M) | Time:00:21.52 | Compositing | Operation 3-9
Fra:19 Mem:30.15M (Peak 70.31M) | Time:00:21.52 | Compositing | Operation 4-9
Fra:19 Mem:30.15M (Peak 70.31M) | Time:00:21.52 | Compositing | Operation 5-9
Fra:19 Mem:32.20M (Peak 70.31M) | Time:00:21.52 | Compositing | Operation 6-9
Fra:19 Mem:32.20M (Peak 70.31M) | Time:00:21.52 | Compositing | Operation 7-9
Fra:19 Mem:32.20M (Peak 70.31M) | Time:00:21.52 | Compositing | Operation 8-9
Fra:19 Mem:38.18M (Peak 70.31M) | Time:00:21.53 | Compositing | Operation 9-9
Fra:19 Mem:38.18M (Peak 70.31M) | Time:00:21.53 | Compositing | Operation 10-9
Append frame 19
Time: 00:21.56 (Saving: 00:00.02)

Fra:20 Mem:30.14M (Peak 70.31M) | Time:00:18.19 | Compositing
Fra:20 Mem:30.14M (Peak 70.31M) | Time:00:18.22 | Compositing | Initializing execution
Fra:20 Mem:30.15M (Peak 70.31M) | Time:00:18.25 | Compositing | Operation 2-9
Fra:20 Mem:30.15M (Peak 70.31M) | Time:00:18.25 | Compositing | Operation 3-9
Fra:20 Mem:30.15M (Peak 70.31M) | Time:00:18.25 | Compositing | Operation 4-9
Fra:20 Mem:30.15M (Peak 70.31M) | Time:00:18.25 | Compositing | Operation 5-9
Fra:20 Mem:32.20M (Peak 70.31M) | Time:00:18.25 | Compositing | Operation 6-9
Fra:20 Mem:32.20M (Peak 70.31M) | Time:00:18.25 | Compositing | Operation 7-9
Fra:20 Mem:32.20M (Peak 70.31M) | Time:00:18.25 | Compositing | Operation 8-9
Fra:20 Mem:38.18M (Peak 70.31M) | Time:00:18.26 | Compositing | Operation 9-9
Fra:20 Mem:38.18M (Peak 70.31M) | Time:00:18.26 | Compositing | Operation 10-9
Append frame 20
Time: 00:18.29 (Saving: 00:00.02)

Fra:21 Mem:30.14M (Peak 70.31M) | Time:00:17.67 | Compositing
Fra:21 Mem:30.14M (Peak 70.31M) | Time:00:17.70 | Compositing | Initializing execution
Fra:21 Mem:30.15M (Peak 70.31M) | Time:00:17.73 | Compositing | Operation 2-9
Fra:21 Mem:30.15M (Peak 70.31M) | Time:00:17.73 | Compositing | Operation 3-9
Fra:21 Mem:30.15M (Peak 70.31M) | Time:00:17.73 | Compositing | Operation 4-9
Fra:21 Mem:30.15M (Peak 70.31M) | Time:00:17.73 | Compositing | Operation 5-9
Fra:21 Mem:32.20M (Peak 70.31M) | Time:00:17.73 | Compositing | Operation 6-9
Fra:21 Mem:32.20M (Peak 70.31M) | Time:00:17.73 | Compositing | Operation 7-9
Fra:21 Mem:32.20M (Peak 70.31M) | Time:00:17.73 | Compositing | Operation 8-9
Fra:21 Mem:38.18M (Peak 70.31M) | Time:00:17.74 | Compositing | Operation 9-9
Fra:21 Mem:38.18M (Peak 70.31M) | Time:00:17.74 | Compositing | Operation 10-9
Append frame 21
Time: 00:17.77 (Saving: 00:00.02)

Fra:22 Mem:30.14M (Peak 70.31M) | Time:00:17.55 | Compositing
Fra:22 Mem:30.14M (Peak 70.31M) | Time:00:17.58 | Compositing | Initializing execution
Fra:22 Mem:30.15M (Peak 70.31M) | Time:00:17.61 | Compositing | Operation 2-9
Fra:22 Mem:30.15M (Peak 70.31M) | Time:00:17.61 | Compositing | Operation 3-9
Fra:22 Mem:30.15M (Peak 70.31M) | Time:00:17.61 | Compositing | Operation 4-9
Fra:22 Mem:30.15M (Peak 70.31M) | Time:00:17.61 | Compositing | Operation 5-9
Fra:22 Mem:32.20M (Peak 70.31M) | Time:00:17.61 | Compositing | Operation 6-9
Fra:22 Mem:32.20M (Peak 70.31M) | Time:00:17.62 | Compositing | Operation 7-9
Fra:22 Mem:32.20M (Peak 70.31M) | Time:00:17.62 | Compositing | Operation 8-9
Fra:22 Mem:38.18M (Peak 70.31M) | Time:00:17.62 | Compositing | Operation 9-9
Fra:22 Mem:38.18M (Peak 70.31M) | Time:00:17.62 | Compositing | Operation 10-9
Append frame 22
Time: 00:17.65 (Saving: 00:00.02)

Fra:23 Mem:30.14M (Peak 70.31M) | Time:00:18.52 | Compositing
Fra:23 Mem:30.14M (Peak 70.31M) | Time:00:18.56 | Compositing | Initializing execution
Fra:23 Mem:30.15M (Peak 70.31M) | Time:00:18.58 | Compositing | Operation 2-9
Fra:23 Mem:30.15M (Peak 70.31M) | Time:00:18.58 | Compositing | Operation 3-9
Fra:23 Mem:30.15M (Peak 70.31M) | Time:00:18.58 | Compositing | Operation 4-9
Fra:23 Mem:30.15M (Peak 70.31M) | Time:00:18.58 | Compositing | Operation 5-9
Fra:23 Mem:32.20M (Peak 70.31M) | Time:00:18.59 | Compositing | Operation 6-9
Fra:23 Mem:32.20M (Peak 70.31M) | Time:00:18.59 | Compositing | Operation 7-9
Fra:23 Mem:32.20M (Peak 70.31M) | Time:00:18.59 | Compositing | Operation 8-9
Fra:23 Mem:38.18M (Peak 70.31M) | Time:00:18.59 | Compositing | Operation 9-9
Fra:23 Mem:38.18M (Peak 70.31M) | Time:00:18.59 | Compositing | Operation 10-9
Append frame 23
Time: 00:18.62 (Saving: 00:00.02)

Fra:24 Mem:30.14M (Peak 70.31M) | Time:00:17.73 | Compositing
Fra:24 Mem:30.14M (Peak 70.31M) | Time:00:17.76 | Compositing | Initializing execution
Fra:24 Mem:30.15M (Peak 70.31M) | Time:00:17.79 | Compositing | Operation 2-9
Fra:24 Mem:30.15M (Peak 70.31M) | Time:00:17.79 | Compositing | Operation 3-9
Fra:24 Mem:30.15M (Peak 70.31M) | Time:00:17.79 | Compositing | Operation 4-9
Fra:24 Mem:30.15M (Peak 70.31M) | Time:00:17.79 | Compositing | Operation 5-9
Fra:24 Mem:32.20M (Peak 70.31M) | Time:00:17.79 | Compositing | Operation 6-9
Fra:24 Mem:32.20M (Peak 70.31M) | Time:00:17.80 | Compositing | Operation 7-9
Fra:24 Mem:32.20M (Peak 70.31M) | Time:00:17.80 | Compositing | Operation 8-9
Fra:24 Mem:38.18M (Peak 70.31M) | Time:00:17.80 | Compositing | Operation 9-9
Fra:24 Mem:38.18M (Peak 70.31M) | Time:00:17.80 | Compositing | Operation 10-9
Append frame 24
Time: 00:17.83 (Saving: 00:00.02)

Fra:25 Mem:30.14M (Peak 70.31M) | Time:00:21.35 | Compositing
Fra:25 Mem:30.14M (Peak 70.31M) | Time:00:21.39 | Compositing | Initializing execution
Fra:25 Mem:30.15M (Peak 70.31M) | Time:00:21.42 | Compositing | Operation 2-9
Fra:25 Mem:30.15M (Peak 70.31M) | Time:00:21.42 | Compositing | Operation 3-9
Fra:25 Mem:30.15M (Peak 70.31M) | Time:00:21.42 | Compositing | Operation 4-9
Fra:25 Mem:30.15M (Peak 70.31M) | Time:00:21.42 | Compositing | Operation 5-9
Fra:25 Mem:32.20M (Peak 70.31M) | Time:00:21.42 | Compositing | Operation 6-9
Fra:25 Mem:32.20M (Peak 70.31M) | Time:00:21.42 | Compositing | Operation 7-9
Fra:25 Mem:32.20M (Peak 70.31M) | Time:00:21.42 | Compositing | Operation 8-9
Fra:25 Mem:38.18M (Peak 70.31M) | Time:00:21.42 | Compositing | Operation 9-9
Fra:25 Mem:38.18M (Peak 70.31M) | Time:00:21.42 | Compositing | Operation 10-9
Append frame 25
Time: 00:21.46 (Saving: 00:00.02)

Fra:26 Mem:30.14M (Peak 70.31M) | Time:00:22.12 | Compositing
Fra:26 Mem:30.14M (Peak 70.31M) | Time:00:22.16 | Compositing | Initializing execution
Fra:26 Mem:30.15M (Peak 70.31M) | Time:00:22.19 | Compositing | Operation 2-9
Fra:26 Mem:30.15M (Peak 70.31M) | Time:00:22.19 | Compositing | Operation 3-9
Fra:26 Mem:30.15M (Peak 70.31M) | Time:00:22.19 | Compositing | Operation 4-9
Fra:26 Mem:30.15M (Peak 70.31M) | Time:00:22.19 | Compositing | Operation 5-9
Fra:26 Mem:32.20M (Peak 70.31M) | Time:00:22.19 | Compositing | Operation 6-9
Fra:26 Mem:32.20M (Peak 70.31M) | Time:00:22.19 | Compositing | Operation 7-9
Fra:26 Mem:32.20M (Peak 70.31M) | Time:00:22.19 | Compositing | Operation 8-9
Fra:26 Mem:38.18M (Peak 70.31M) | Time:00:22.34 | Compositing | Operation 9-9
Fra:26 Mem:38.18M (Peak 70.31M) | Time:00:22.34 | Compositing | Operation 10-9
Append frame 26
Time: 00:22.37 (Saving: 00:00.02)

Fra:27 Mem:30.14M (Peak 70.31M) | Time:00:22.58 | Compositing
Fra:27 Mem:30.14M (Peak 70.31M) | Time:00:22.61 | Compositing | Initializing execution
Fra:27 Mem:30.15M (Peak 70.31M) | Time:00:22.64 | Compositing | Operation 2-9
Fra:27 Mem:30.15M (Peak 70.31M) | Time:00:22.64 | Compositing | Operation 3-9
Fra:27 Mem:30.15M (Peak 70.31M) | Time:00:22.64 | Compositing | Operation 4-9
Fra:27 Mem:30.15M (Peak 70.31M) | Time:00:22.64 | Compositing | Operation 5-9
Fra:27 Mem:32.20M (Peak 70.31M) | Time:00:22.64 | Compositing | Operation 6-9
Fra:27 Mem:32.20M (Peak 70.31M) | Time:00:22.64 | Compositing | Operation 7-9
Fra:27 Mem:32.20M (Peak 70.31M) | Time:00:22.64 | Compositing | Operation 8-9
Fra:27 Mem:38.18M (Peak 70.31M) | Time:00:22.65 | Compositing | Operation 9-9
Fra:27 Mem:38.18M (Peak 70.31M) | Time:00:22.65 | Compositing | Operation 10-9
Append frame 27
Time: 00:22.68 (Saving: 00:00.02)

Fra:28 Mem:30.14M (Peak 70.31M) | Time:00:22.32 | Compositing
Fra:28 Mem:30.14M (Peak 70.31M) | Time:00:22.36 | Compositing | Initializing execution
Fra:28 Mem:30.15M (Peak 70.31M) | Time:00:22.39 | Compositing | Operation 2-9
Fra:28 Mem:30.15M (Peak 70.31M) | Time:00:22.39 | Compositing | Operation 3-9
Fra:28 Mem:30.15M (Peak 70.31M) | Time:00:22.39 | Compositing | Operation 4-9
Fra:28 Mem:30.15M (Peak 70.31M) | Time:00:22.39 | Compositing | Operation 5-9
Fra:28 Mem:32.20M (Peak 70.31M) | Time:00:22.39 | Compositing | Operation 6-9
Fra:28 Mem:32.20M (Peak 70.31M) | Time:00:22.39 | Compositing | Operation 7-9
Fra:28 Mem:32.20M (Peak 70.31M) | Time:00:22.39 | Compositing | Operation 8-9
Fra:28 Mem:38.18M (Peak 70.31M) | Time:00:22.39 | Compositing | Operation 9-9
Fra:28 Mem:38.18M (Peak 70.31M) | Time:00:22.39 | Compositing | Operation 10-9
Append frame 28
Time: 00:22.42 (Saving: 00:00.02)

Fra:29 Mem:30.14M (Peak 70.31M) | Time:00:19.32 | Compositing
Fra:29 Mem:30.14M (Peak 70.31M) | Time:00:19.35 | Compositing | Initializing execution
Fra:29 Mem:30.15M (Peak 70.31M) | Time:00:19.38 | Compositing | Operation 2-9
Fra:29 Mem:30.15M (Peak 70.31M) | Time:00:19.38 | Compositing | Operation 3-9
Fra:29 Mem:30.15M (Peak 70.31M) | Time:00:19.38 | Compositing | Operation 4-9
Fra:29 Mem:30.15M (Peak 70.31M) | Time:00:19.38 | Compositing | Operation 5-9
Fra:29 Mem:32.20M (Peak 70.31M) | Time:00:19.38 | Compositing | Operation 6-9
Fra:29 Mem:32.20M (Peak 70.31M) | Time:00:19.38 | Compositing | Operation 7-9
Fra:29 Mem:32.20M (Peak 70.31M) | Time:00:19.38 | Compositing | Operation 8-9
Fra:29 Mem:38.18M (Peak 70.31M) | Time:00:19.39 | Compositing | Operation 9-9
Fra:29 Mem:38.18M (Peak 70.31M) | Time:00:19.39 | Compositing | Operation 10-9
Append frame 29
Time: 00:19.42 (Saving: 00:00.02)

Fra:30 Mem:30.14M (Peak 70.31M) | Time:00:18.00 | Compositing
Fra:30 Mem:30.14M (Peak 70.31M) | Time:00:18.04 | Compositing | Initializing execution
Fra:30 Mem:30.15M (Peak 70.31M) | Time:00:18.07 | Compositing | Operation 2-9
Fra:30 Mem:30.15M (Peak 70.31M) | Time:00:18.07 | Compositing | Operation 3-9
Fra:30 Mem:30.15M (Peak 70.31M) | Time:00:18.07 | Compositing | Operation 4-9
Fra:30 Mem:30.15M (Peak 70.31M) | Time:00:18.07 | Compositing | Operation 5-9
Fra:30 Mem:32.20M (Peak 70.31M) | Time:00:18.08 | Compositing | Operation 6-9
Fra:30 Mem:32.20M (Peak 70.31M) | Time:00:18.08 | Compositing | Operation 7-9
Fra:30 Mem:32.20M (Peak 70.31M) | Time:00:18.08 | Compositing | Operation 8-9
Fra:30 Mem:38.18M (Peak 70.31M) | Time:00:18.12 | Compositing | Operation 9-9
Fra:30 Mem:38.18M (Peak 70.31M) | Time:00:18.15 | Compositing | Operation 10-9
Append frame 30
Time: 00:18.21 (Saving: 00:00.04)

Fra:31 Mem:30.14M (Peak 70.31M) | Time:00:23.39 | Compositing
Fra:31 Mem:30.14M (Peak 70.31M) | Time:00:23.43 | Compositing | Initializing execution
Fra:31 Mem:30.15M (Peak 70.31M) | Time:00:23.46 | Compositing | Operation 2-9
Fra:31 Mem:30.15M (Peak 70.31M) | Time:00:23.46 | Compositing | Operation 3-9
Fra:31 Mem:30.15M (Peak 70.31M) | Time:00:23.46 | Compositing | Operation 4-9
Fra:31 Mem:30.15M (Peak 70.31M) | Time:00:23.46 | Compositing | Operation 5-9
Fra:31 Mem:32.20M (Peak 70.31M) | Time:00:23.46 | Compositing | Operation 6-9
Fra:31 Mem:32.20M (Peak 70.31M) | Time:00:23.46 | Compositing | Operation 7-9
Fra:31 Mem:32.20M (Peak 70.31M) | Time:00:23.46 | Compositing | Operation 8-9
Fra:31 Mem:38.18M (Peak 70.31M) | Time:00:23.68 | Compositing | Operation 9-9
Fra:31 Mem:38.18M (Peak 70.31M) | Time:00:23.78 | Compositing | Operation 10-9
Append frame 31
Time: 00:23.90 (Saving: 00:00.10)

Fra:32 Mem:30.14M (Peak 70.31M) | Time:00:28.86 | Compositing
Fra:32 Mem:30.14M (Peak 70.31M) | Time:00:28.90 | Compositing | Initializing execution
Fra:32 Mem:30.15M (Peak 70.31M) | Time:00:28.93 | Compositing | Operation 2-9
Fra:32 Mem:30.15M (Peak 70.31M) | Time:00:28.93 | Compositing | Operation 3-9
Fra:32 Mem:30.15M (Peak 70.31M) | Time:00:28.93 | Compositing | Operation 4-9
Fra:32 Mem:30.15M (Peak 70.31M) | Time:00:28.93 | Compositing | Operation 5-9
Fra:32 Mem:32.20M (Peak 70.31M) | Time:00:28.93 | Compositing | Operation 6-9
Fra:32 Mem:32.20M (Peak 70.31M) | Time:00:28.93 | Compositing | Operation 7-9
Fra:32 Mem:32.20M (Peak 70.31M) | Time:00:28.93 | Compositing | Operation 8-9
Fra:32 Mem:38.18M (Peak 70.31M) | Time:00:29.05 | Compositing | Operation 9-9
Fra:32 Mem:38.18M (Peak 70.31M) | Time:00:29.09 | Compositing | Operation 10-9
Append frame 32
Time: 00:29.20 (Saving: 00:00.10)

Fra:33 Mem:30.14M (Peak 70.31M) | Time:00:24.88 | Compositing
Fra:33 Mem:30.14M (Peak 70.31M) | Time:00:24.92 | Compositing | Initializing execution
Fra:33 Mem:30.15M (Peak 70.31M) | Time:00:24.95 | Compositing | Operation 2-9
Fra:33 Mem:30.15M (Peak 70.31M) | Time:00:24.95 | Compositing | Operation 3-9
Fra:33 Mem:30.15M (Peak 70.31M) | Time:00:24.95 | Compositing | Operation 4-9
Fra:33 Mem:30.15M (Peak 70.31M) | Time:00:24.95 | Compositing | Operation 5-9
Fra:33 Mem:32.20M (Peak 70.31M) | Time:00:24.95 | Compositing | Operation 6-9
Fra:33 Mem:32.20M (Peak 70.31M) | Time:00:24.95 | Compositing | Operation 7-9
Fra:33 Mem:32.20M (Peak 70.31M) | Time:00:24.95 | Compositing | Operation 8-9
Fra:33 Mem:38.18M (Peak 70.31M) | Time:00:25.04 | Compositing | Operation 9-9
Fra:33 Mem:38.18M (Peak 70.31M) | Time:00:25.04 | Compositing | Operation 10-9
Append frame 33
Time: 00:25.07 (Saving: 00:00.02)

Fra:34 Mem:30.14M (Peak 70.31M) | Time:00:23.58 | Compositing
Fra:34 Mem:30.14M (Peak 70.31M) | Time:00:23.61 | Compositing | Initializing execution
Fra:34 Mem:30.15M (Peak 70.31M) | Time:00:23.64 | Compositing | Operation 2-9
Fra:34 Mem:30.15M (Peak 70.31M) | Time:00:23.64 | Compositing | Operation 3-9
Fra:34 Mem:30.15M (Peak 70.31M) | Time:00:23.64 | Compositing | Operation 4-9
Fra:34 Mem:30.15M (Peak 70.31M) | Time:00:23.64 | Compositing | Operation 5-9
Fra:34 Mem:32.20M (Peak 70.31M) | Time:00:23.64 | Compositing | Operation 6-9
Fra:34 Mem:32.20M (Peak 70.31M) | Time:00:23.64 | Compositing | Operation 7-9
Fra:34 Mem:32.20M (Peak 70.31M) | Time:00:23.64 | Compositing | Operation 8-9
Fra:34 Mem:38.18M (Peak 70.31M) | Time:00:23.77 | Compositing | Operation 9-9
Fra:34 Mem:38.18M (Peak 70.31M) | Time:00:23.85 | Compositing | Operation 10-9
Append frame 34
Time: 00:23.97 (Saving: 00:00.11)

Fra:35 Mem:30.14M (Peak 70.31M) | Time:00:26.91 | Compositing
Fra:35 Mem:30.14M (Peak 70.31M) | Time:00:26.95 | Compositing | Initializing execution
Fra:35 Mem:30.15M (Peak 70.31M) | Time:00:26.98 | Compositing | Operation 2-9
Fra:35 Mem:30.15M (Peak 70.31M) | Time:00:26.98 | Compositing | Operation 3-9
Fra:35 Mem:30.15M (Peak 70.31M) | Time:00:26.98 | Compositing | Operation 4-9
Fra:35 Mem:30.15M (Peak 70.31M) | Time:00:26.98 | Compositing | Operation 5-9
Fra:35 Mem:32.20M (Peak 70.31M) | Time:00:26.98 | Compositing | Operation 6-9
Fra:35 Mem:32.20M (Peak 70.31M) | Time:00:26.98 | Compositing | Operation 7-9
Fra:35 Mem:32.20M (Peak 70.31M) | Time:00:26.98 | Compositing | Operation 8-9
Fra:35 Mem:38.18M (Peak 70.31M) | Time:00:27.28 | Compositing | Operation 9-9
Fra:35 Mem:38.18M (Peak 70.31M) | Time:00:27.36 | Compositing | Operation 10-9
Append frame 35
Time: 00:27.44 (Saving: 00:00.07)

Fra:36 Mem:30.14M (Peak 70.31M) | Time:00:21.90 | Compositing
Fra:36 Mem:30.14M (Peak 70.31M) | Time:00:21.94 | Compositing | Initializing execution
Fra:36 Mem:30.15M (Peak 70.31M) | Time:00:21.97 | Compositing | Operation 2-9
Fra:36 Mem:30.15M (Peak 70.31M) | Time:00:21.97 | Compositing | Operation 3-9
Fra:36 Mem:30.15M (Peak 70.31M) | Time:00:21.97 | Compositing | Operation 4-9
Fra:36 Mem:30.15M (Peak 70.31M) | Time:00:21.97 | Compositing | Operation 5-9
Fra:36 Mem:32.20M (Peak 70.31M) | Time:00:21.97 | Compositing | Operation 6-9
Fra:36 Mem:32.20M (Peak 70.31M) | Time:00:21.97 | Compositing | Operation 7-9
Fra:36 Mem:32.20M (Peak 70.31M) | Time:00:21.97 | Compositing | Operation 8-9
Fra:36 Mem:38.18M (Peak 70.31M) | Time:00:22.14 | Compositing | Operation 9-9
Fra:36 Mem:38.18M (Peak 70.31M) | Time:00:22.24 | Compositing | Operation 10-9
Append frame 36
Time: 00:22.32 (Saving: 00:00.07)

Fra:37 Mem:30.14M (Peak 70.31M) | Time:00:23.14 | Compositing
Fra:37 Mem:30.14M (Peak 70.31M) | Time:00:23.18 | Compositing | Initializing execution
Fra:37 Mem:30.15M (Peak 70.31M) | Time:00:23.20 | Compositing | Operation 2-9
Fra:37 Mem:30.15M (Peak 70.31M) | Time:00:23.20 | Compositing | Operation 3-9
Fra:37 Mem:30.15M (Peak 70.31M) | Time:00:23.20 | Compositing | Operation 4-9
Fra:37 Mem:30.15M (Peak 70.31M) | Time:00:23.20 | Compositing | Operation 5-9
Fra:37 Mem:32.20M (Peak 70.31M) | Time:00:23.21 | Compositing | Operation 6-9
Fra:37 Mem:32.20M (Peak 70.31M) | Time:00:23.21 | Compositing | Operation 7-9
Fra:37 Mem:32.20M (Peak 70.31M) | Time:00:23.21 | Compositing | Operation 8-9
Fra:37 Mem:38.18M (Peak 70.31M) | Time:00:23.21 | Compositing | Operation 9-9
Fra:37 Mem:38.18M (Peak 70.31M) | Time:00:23.21 | Compositing | Operation 10-9
Append frame 37
Time: 00:23.24 (Saving: 00:00.02)

Fra:38 Mem:30.14M (Peak 70.31M) | Time:00:23.79 | Compositing
Fra:38 Mem:30.14M (Peak 70.31M) | Time:00:23.83 | Compositing | Initializing execution
Fra:38 Mem:30.15M (Peak 70.31M) | Time:00:23.86 | Compositing | Operation 2-9
Fra:38 Mem:30.15M (Peak 70.31M) | Time:00:23.86 | Compositing | Operation 3-9
Fra:38 Mem:30.15M (Peak 70.31M) | Time:00:23.86 | Compositing | Operation 4-9
Fra:38 Mem:30.15M (Peak 70.31M) | Time:00:23.86 | Compositing | Operation 5-9
Fra:38 Mem:32.20M (Peak 70.31M) | Time:00:23.86 | Compositing | Operation 6-9
Fra:38 Mem:32.20M (Peak 70.31M) | Time:00:23.86 | Compositing | Operation 7-9
Fra:38 Mem:32.20M (Peak 70.31M) | Time:00:23.86 | Compositing | Operation 8-9
Fra:38 Mem:38.18M (Peak 70.31M) | Time:00:24.00 | Compositing | Operation 9-9
Fra:38 Mem:38.18M (Peak 70.31M) | Time:00:24.01 | Compositing | Operation 10-9
Append frame 38
Time: 00:24.04 (Saving: 00:00.02)

Fra:39 Mem:30.14M (Peak 70.31M) | Time:00:23.88 | Compositing
Fra:39 Mem:30.14M (Peak 70.31M) | Time:00:23.92 | Compositing | Initializing execution
Fra:39 Mem:30.15M (Peak 70.31M) | Time:00:23.95 | Compositing | Operation 2-9
Fra:39 Mem:30.15M (Peak 70.31M) | Time:00:23.95 | Compositing | Operation 3-9
Fra:39 Mem:30.15M (Peak 70.31M) | Time:00:23.95 | Compositing | Operation 4-9
Fra:39 Mem:30.15M (Peak 70.31M) | Time:00:23.95 | Compositing | Operation 5-9
Fra:39 Mem:32.20M (Peak 70.31M) | Time:00:23.95 | Compositing | Operation 6-9
Fra:39 Mem:32.20M (Peak 70.31M) | Time:00:23.96 | Compositing | Operation 7-9
Fra:39 Mem:32.20M (Peak 70.31M) | Time:00:23.96 | Compositing | Operation 8-9
Fra:39 Mem:38.18M (Peak 70.31M) | Time:00:24.11 | Compositing | Operation 9-9
Fra:39 Mem:38.18M (Peak 70.31M) | Time:00:24.18 | Compositing | Operation 10-9
Append frame 39
Time: 00:24.22 (Saving: 00:00.02)

Fra:40 Mem:30.14M (Peak 70.31M) | Time:00:26.77 | Compositing
Fra:40 Mem:30.14M (Peak 70.31M) | Time:00:26.80 | Compositing | Initializing execution
Fra:40 Mem:30.15M (Peak 70.31M) | Time:00:26.83 | Compositing | Operation 2-9
Fra:40 Mem:30.15M (Peak 70.31M) | Time:00:26.83 | Compositing | Operation 3-9
Fra:40 Mem:30.15M (Peak 70.31M) | Time:00:26.83 | Compositing | Operation 4-9
Fra:40 Mem:30.15M (Peak 70.31M) | Time:00:26.83 | Compositing | Operation 5-9
Fra:40 Mem:32.20M (Peak 70.31M) | Time:00:26.83 | Compositing | Operation 6-9
Fra:40 Mem:32.20M (Peak 70.31M) | Time:00:26.83 | Compositing | Operation 7-9
Fra:40 Mem:32.20M (Peak 70.31M) | Time:00:26.83 | Compositing | Operation 8-9
Fra:40 Mem:38.18M (Peak 70.31M) | Time:00:26.83 | Compositing | Operation 9-9
Fra:40 Mem:38.18M (Peak 70.31M) | Time:00:26.84 | Compositing | Operation 10-9
Append frame 40
Time: 00:26.92 (Saving: 00:00.08)

Fra:41 Mem:30.14M (Peak 70.31M) | Time:00:36.17 | Compositing
Fra:41 Mem:30.14M (Peak 70.31M) | Time:00:36.21 | Compositing | Initializing execution
Fra:41 Mem:30.15M (Peak 70.31M) | Time:00:36.24 | Compositing | Operation 2-9
Fra:41 Mem:30.15M (Peak 70.31M) | Time:00:36.24 | Compositing | Operation 3-9
Fra:41 Mem:30.15M (Peak 70.31M) | Time:00:36.24 | Compositing | Operation 4-9
Fra:41 Mem:30.15M (Peak 70.31M) | Time:00:36.24 | Compositing | Operation 5-9
Fra:41 Mem:32.20M (Peak 70.31M) | Time:00:36.24 | Compositing | Operation 6-9
Fra:41 Mem:32.20M (Peak 70.31M) | Time:00:36.24 | Compositing | Operation 7-9
Fra:41 Mem:32.20M (Peak 70.31M) | Time:00:36.24 | Compositing | Operation 8-9
Fra:41 Mem:38.18M (Peak 70.31M) | Time:00:36.58 | Compositing | Operation 9-9
Fra:41 Mem:38.18M (Peak 70.31M) | Time:00:36.59 | Compositing | Operation 10-9
Append frame 41
Time: 00:36.63 (Saving: 00:00.03)

Fra:42 Mem:30.14M (Peak 70.31M) | Time:00:23.34 | Compositing
Fra:42 Mem:30.14M (Peak 70.31M) | Time:00:23.38 | Compositing | Initializing execution
Fra:42 Mem:30.15M (Peak 70.31M) | Time:00:23.41 | Compositing | Operation 2-9
Fra:42 Mem:30.15M (Peak 70.31M) | Time:00:23.41 | Compositing | Operation 3-9
Fra:42 Mem:30.15M (Peak 70.31M) | Time:00:23.41 | Compositing | Operation 4-9
Fra:42 Mem:30.15M (Peak 70.31M) | Time:00:23.41 | Compositing | Operation 5-9
Fra:42 Mem:32.20M (Peak 70.31M) | Time:00:23.41 | Compositing | Operation 6-9
Fra:42 Mem:32.20M (Peak 70.31M) | Time:00:23.41 | Compositing | Operation 7-9
Fra:42 Mem:32.20M (Peak 70.31M) | Time:00:23.41 | Compositing | Operation 8-9
Fra:42 Mem:38.18M (Peak 70.31M) | Time:00:23.52 | Compositing | Operation 9-9
Fra:42 Mem:38.18M (Peak 70.31M) | Time:00:23.53 | Compositing | Operation 10-9
Append frame 42
Time: 00:23.63 (Saving: 00:00.08)

Fra:43 Mem:30.14M (Peak 70.31M) | Time:00:21.42 | Compositing
Fra:43 Mem:30.14M (Peak 70.31M) | Time:00:21.46 | Compositing | Initializing execution
Fra:43 Mem:30.15M (Peak 70.31M) | Time:00:21.49 | Compositing | Operation 2-9
Fra:43 Mem:30.15M (Peak 70.31M) | Time:00:21.49 | Compositing | Operation 3-9
Fra:43 Mem:30.15M (Peak 70.31M) | Time:00:21.49 | Compositing | Operation 4-9
Fra:43 Mem:30.15M (Peak 70.31M) | Time:00:21.49 | Compositing | Operation 5-9
Fra:43 Mem:32.20M (Peak 70.31M) | Time:00:21.49 | Compositing | Operation 6-9
Fra:43 Mem:32.20M (Peak 70.31M) | Time:00:21.49 | Compositing | Operation 7-9
Fra:43 Mem:32.20M (Peak 70.31M) | Time:00:21.49 | Compositing | Operation 8-9
Fra:43 Mem:38.18M (Peak 70.31M) | Time:00:21.64 | Compositing | Operation 9-9
Fra:43 Mem:38.18M (Peak 70.31M) | Time:00:21.93 | Compositing | Operation 10-9
Append frame 43
Time: 00:21.97 (Saving: 00:00.03)

Fra:44 Mem:30.14M (Peak 70.31M) | Time:00:25.54 | Compositing
Fra:44 Mem:30.14M (Peak 70.31M) | Time:00:25.58 | Compositing | Initializing execution
Fra:44 Mem:30.15M (Peak 70.31M) | Time:00:25.62 | Compositing | Operation 2-9
Fra:44 Mem:30.15M (Peak 70.31M) | Time:00:25.62 | Compositing | Operation 3-9
Fra:44 Mem:30.15M (Peak 70.31M) | Time:00:25.62 | Compositing | Operation 4-9
Fra:44 Mem:30.15M (Peak 70.31M) | Time:00:25.62 | Compositing | Operation 5-9
Fra:44 Mem:32.20M (Peak 70.31M) | Time:00:25.62 | Compositing | Operation 6-9
Fra:44 Mem:32.20M (Peak 70.31M) | Time:00:25.62 | Compositing | Operation 7-9
Fra:44 Mem:32.20M (Peak 70.31M) | Time:00:25.62 | Compositing | Operation 8-9
Fra:44 Mem:38.18M (Peak 70.31M) | Time:00:25.90 | Compositing | Operation 9-9
Fra:44 Mem:38.18M (Peak 70.31M) | Time:00:26.08 | Compositing | Operation 10-9
Append frame 44
Time: 00:26.11 (Saving: 00:00.02)

Fra:45 Mem:30.14M (Peak 70.31M) | Time:00:24.52 | Compositing
Fra:45 Mem:30.14M (Peak 70.31M) | Time:00:24.57 | Compositing | Initializing execution
Fra:45 Mem:30.15M (Peak 70.31M) | Time:00:24.60 | Compositing | Operation 2-9
Fra:45 Mem:30.15M (Peak 70.31M) | Time:00:24.60 | Compositing | Operation 3-9
Fra:45 Mem:30.15M (Peak 70.31M) | Time:00:24.60 | Compositing | Operation 4-9
Fra:45 Mem:30.15M (Peak 70.31M) | Time:00:24.60 | Compositing | Operation 5-9
Fra:45 Mem:32.20M (Peak 70.31M) | Time:00:24.60 | Compositing | Operation 6-9
Fra:45 Mem:32.20M (Peak 70.31M) | Time:00:24.60 | Compositing | Operation 7-9
Fra:45 Mem:32.20M (Peak 70.31M) | Time:00:24.60 | Compositing | Operation 8-9
Fra:45 Mem:38.18M (Peak 70.31M) | Time:00:24.74 | Compositing | Operation 9-9
Fra:45 Mem:38.18M (Peak 70.31M) | Time:00:24.84 | Compositing | Operation 10-9
Append frame 45
Time: 00:25.00 (Saving: 00:00.10)

Fra:46 Mem:30.14M (Peak 70.31M) | Time:00:23.16 | Compositing
Fra:46 Mem:30.14M (Peak 70.31M) | Time:00:23.20 | Compositing | Initializing execution
Fra:46 Mem:30.15M (Peak 70.31M) | Time:00:23.24 | Compositing | Operation 2-9
Fra:46 Mem:30.15M (Peak 70.31M) | Time:00:23.24 | Compositing | Operation 3-9
Fra:46 Mem:30.15M (Peak 70.31M) | Time:00:23.24 | Compositing | Operation 4-9
Fra:46 Mem:30.15M (Peak 70.31M) | Time:00:23.24 | Compositing | Operation 5-9
Fra:46 Mem:32.20M (Peak 70.31M) | Time:00:23.24 | Compositing | Operation 6-9
Fra:46 Mem:32.20M (Peak 70.31M) | Time:00:23.24 | Compositing | Operation 7-9
Fra:46 Mem:32.20M (Peak 70.31M) | Time:00:23.24 | Compositing | Operation 8-9
Fra:46 Mem:38.18M (Peak 70.31M) | Time:00:23.70 | Compositing | Operation 9-9
Fra:46 Mem:38.18M (Peak 70.31M) | Time:00:23.87 | Compositing | Operation 10-9
Append frame 46
Time: 00:23.94 (Saving: 00:00.06)

Fra:47 Mem:30.14M (Peak 70.31M) | Time:00:22.66 | Compositing
Fra:47 Mem:30.14M (Peak 70.31M) | Time:00:22.69 | Compositing | Initializing execution
Fra:47 Mem:30.15M (Peak 70.31M) | Time:00:22.72 | Compositing | Operation 2-9
Fra:47 Mem:30.15M (Peak 70.31M) | Time:00:22.72 | Compositing | Operation 3-9
Fra:47 Mem:30.15M (Peak 70.31M) | Time:00:22.72 | Compositing | Operation 4-9
Fra:47 Mem:30.15M (Peak 70.31M) | Time:00:22.72 | Compositing | Operation 5-9
Fra:47 Mem:32.20M (Peak 70.31M) | Time:00:22.72 | Compositing | Operation 6-9
Fra:47 Mem:32.20M (Peak 70.31M) | Time:00:22.73 | Compositing | Operation 7-9
Fra:47 Mem:32.20M (Peak 70.31M) | Time:00:22.73 | Compositing | Operation 8-9
Fra:47 Mem:38.18M (Peak 70.31M) | Time:00:22.73 | Compositing | Operation 9-9
Fra:47 Mem:38.18M (Peak 70.31M) | Time:00:22.73 | Compositing | Operation 10-9
Append frame 47
Time: 00:22.76 (Saving: 00:00.02)

Fra:48 Mem:30.14M (Peak 70.31M) | Time:00:22.71 | Compositing
Fra:48 Mem:30.14M (Peak 70.31M) | Time:00:22.74 | Compositing | Initializing execution
Fra:48 Mem:30.15M (Peak 70.31M) | Time:00:22.77 | Compositing | Operation 2-9
Fra:48 Mem:30.15M (Peak 70.31M) | Time:00:22.77 | Compositing | Operation 3-9
Fra:48 Mem:30.15M (Peak 70.31M) | Time:00:22.77 | Compositing | Operation 4-9
Fra:48 Mem:30.15M (Peak 70.31M) | Time:00:22.77 | Compositing | Operation 5-9
Fra:48 Mem:32.20M (Peak 70.31M) | Time:00:22.77 | Compositing | Operation 6-9
Fra:48 Mem:32.20M (Peak 70.31M) | Time:00:22.77 | Compositing | Operation 7-9
Fra:48 Mem:32.20M (Peak 70.31M) | Time:00:22.77 | Compositing | Operation 8-9
Fra:48 Mem:38.18M (Peak 70.31M) | Time:00:22.78 | Compositing | Operation 9-9
Fra:48 Mem:38.18M (Peak 70.31M) | Time:00:22.78 | Compositing | Operation 10-9
Append frame 48
Time: 00:22.81 (Saving: 00:00.02)

Fra:49 Mem:30.14M (Peak 70.31M) | Time:00:18.41 | Compositing
Fra:49 Mem:30.14M (Peak 70.31M) | Time:00:18.44 | Compositing | Initializing execution
Fra:49 Mem:30.15M (Peak 70.31M) | Time:00:18.47 | Compositing | Operation 2-9
Fra:49 Mem:30.15M (Peak 70.31M) | Time:00:18.47 | Compositing | Operation 3-9
Fra:49 Mem:30.15M (Peak 70.31M) | Time:00:18.47 | Compositing | Operation 4-9
Fra:49 Mem:30.15M (Peak 70.31M) | Time:00:18.47 | Compositing | Operation 5-9
Fra:49 Mem:32.20M (Peak 70.31M) | Time:00:18.47 | Compositing | Operation 6-9
Fra:49 Mem:32.20M (Peak 70.31M) | Time:00:18.48 | Compositing | Operation 7-9
Fra:49 Mem:32.20M (Peak 70.31M) | Time:00:18.48 | Compositing | Operation 8-9
Fra:49 Mem:38.18M (Peak 70.31M) | Time:00:18.48 | Compositing | Operation 9-9
Fra:49 Mem:38.18M (Peak 70.31M) | Time:00:18.48 | Compositing | Operation 10-9
Append frame 49
Time: 00:18.51 (Saving: 00:00.02)

Fra:50 Mem:30.14M (Peak 70.31M) | Time:00:18.26 | Compositing
Fra:50 Mem:30.14M (Peak 70.31M) | Time:00:18.30 | Compositing | Initializing execution
Fra:50 Mem:30.15M (Peak 70.31M) | Time:00:18.33 | Compositing | Operation 2-9
Fra:50 Mem:30.15M (Peak 70.31M) | Time:00:18.33 | Compositing | Operation 3-9
Fra:50 Mem:30.15M (Peak 70.31M) | Time:00:18.33 | Compositing | Operation 4-9
Fra:50 Mem:30.15M (Peak 70.31M) | Time:00:18.33 | Compositing | Operation 5-9
Fra:50 Mem:32.20M (Peak 70.31M) | Time:00:18.33 | Compositing | Operation 6-9
Fra:50 Mem:32.20M (Peak 70.31M) | Time:00:18.33 | Compositing | Operation 7-9
Fra:50 Mem:32.20M (Peak 70.31M) | Time:00:18.33 | Compositing | Operation 8-9
Fra:50 Mem:38.18M (Peak 70.31M) | Time:00:18.41 | Compositing | Operation 9-9
Fra:50 Mem:38.18M (Peak 70.31M) | Time:00:18.64 | Compositing | Operation 10-9
Append frame 50
Time: 00:18.72 (Saving: 00:00.06)

Fra:51 Mem:30.14M (Peak 70.31M) | Time:00:22.87 | Compositing
Fra:51 Mem:30.14M (Peak 70.31M) | Time:00:22.90 | Compositing | Initializing execution
Fra:51 Mem:30.15M (Peak 70.31M) | Time:00:22.93 | Compositing | Operation 2-9
Fra:51 Mem:30.15M (Peak 70.31M) | Time:00:22.93 | Compositing | Operation 3-9
Fra:51 Mem:30.15M (Peak 70.31M) | Time:00:22.93 | Compositing | Operation 4-9
Fra:51 Mem:30.15M (Peak 70.31M) | Time:00:22.93 | Compositing | Operation 5-9
Fra:51 Mem:32.20M (Peak 70.31M) | Time:00:22.93 | Compositing | Operation 6-9
Fra:51 Mem:32.20M (Peak 70.31M) | Time:00:22.93 | Compositing | Operation 7-9
Fra:51 Mem:32.20M (Peak 70.31M) | Time:00:22.93 | Compositing | Operation 8-9
Fra:51 Mem:38.18M (Peak 70.31M) | Time:00:22.94 | Compositing | Operation 9-9
Fra:51 Mem:38.18M (Peak 70.31M) | Time:00:22.94 | Compositing | Operation 10-9
Append frame 51
Time: 00:22.97 (Saving: 00:00.02)

Fra:52 Mem:30.14M (Peak 70.31M) | Time:00:17.33 | Compositing
Fra:52 Mem:30.14M (Peak 70.31M) | Time:00:17.37 | Compositing | Initializing execution
slurmstepd: error: *** JOB 843662 ON ip-172-17-55-99 CANCELLED AT 2026-08-17T01:02:46 DUE TO TIME LIMIT ***
slurmstepd: error: *** REASON: burst_buffer/lua: Stage-out in progress ***
Fra:52 Mem:30.15M (Peak 70.31M) | Time:00:17.40 | Compositing | Operation 2-9
Fra:52 Mem:30.15M (Peak 70.31M) | Time:00:17.40 | Compositing | Operation 3-9
Fra:52 Mem:30.15M (Peak 70.31M) | Time:00:17.40 | Compositing | Operation 4-9
Fra:52 Mem:30.15M (Peak 70.31M) | Time:00:17.40 | Compositing | Operation 5-9
Fra:52 Mem:32.20M (Peak 70.31M) | Time:00:17.40 | Compositing | Operation 6-9
Fra:52 Mem:32.20M (Peak 70.31M) | Time:00:17.40 | Compositing | Operation 7-9
Fra:52 Mem:32.20M (Peak 70.31M) | Time:00:17.40 | Compositing | Operation 8-9
Fra:52 Mem:38.18M (Peak 70.31M) | Time:00:17.40 | Compositing | Operation 9-9
Fra:52 Mem:38.18M (Peak 70.31M) | Time:00:17.41 | Compositing | Operation 10-9
Append frame 52
Time: 00:17.44 (Saving: 00:00.02)

